  Determining projects to restore...
  All projects are up-to-date for restore.
C:\Users\f_ald\source\repos\The-Tech-Idea\Beep.OilandGas\Beep.OilandGas.Models\Core\Interfaces\IAnalyticsService.cs(5,7): warning CS0105: The using directive for 'Beep.OilandGas.Models.Data.Analytics' appeared previously in this namespace [C:\Users\f_ald\source\repos\The-Tech-Idea\Beep.OilandGas\Beep.OilandGas.Models\Beep.OilandGas.Models.csproj::TargetFramework=net10.0]
C:\Users\f_ald\source\repos\The-Tech-Idea\Beep.OilandGas\Beep.OilandGas.Models\Core\Interfaces\ICalculationService.cs(6,7): warning CS0105: The using directive for 'Beep.OilandGas.Models.Data.WellTestAnalysis' appeared previously in this namespace [C:\Users\f_ald\source\repos\The-Tech-Idea\Beep.OilandGas\Beep.OilandGas.Models\Beep.OilandGas.Models.csproj::TargetFramework=net10.0]
C:\Users\f_ald\source\repos\The-Tech-Idea\Beep.OilandGas\Beep.OilandGas.Models\Core\Interfaces\ICalculationService_PPDM.cs(5,7): warning CS0105: The using directive for 'Beep.OilandGas.Models.Data.Calculations' appeared previously in this namespace [C:\Users\f_ald\source\repos\The-Tech-Idea\Beep.OilandGas\Beep.OilandGas.Models\Beep.OilandGas.Models.csproj::TargetFramework=net10.0]
C:\Users\f_ald\source\repos\The-Tech-Idea\Beep.OilandGas\Beep.OilandGas.Models\Core\Interfaces\IExportService.cs(5,7): warning CS0105: The using directive for 'Beep.OilandGas.Models.Data.Export' appeared previously in this namespace [C:\Users\f_ald\source\repos\The-Tech-Idea\Beep.OilandGas\Beep.OilandGas.Models\Beep.OilandGas.Models.csproj::TargetFramework=net10.0]
C:\Users\f_ald\source\repos\The-Tech-Idea\Beep.OilandGas\Beep.OilandGas.Models\Core\Interfaces\ILeaseService.cs(6,7): warning CS0105: The using directive for 'Beep.OilandGas.Models.Data.Lease' appeared previously in this namespace [C:\Users\f_ald\source\repos\The-Tech-Idea\Beep.OilandGas\Beep.OilandGas.Models\Beep.OilandGas.Models.csproj::TargetFramework=net10.0]
C:\Users\f_ald\source\repos\The-Tech-Idea\Beep.OilandGas\Beep.OilandGas.Models\Core\Interfaces\ILeaseService.cs(7,7): warning CS0105: The using directive for 'Beep.OilandGas.Models.Data.Agreement' appeared previously in this namespace [C:\Users\f_ald\source\repos\The-Tech-Idea\Beep.OilandGas\Beep.OilandGas.Models\Beep.OilandGas.Models.csproj::TargetFramework=net10.0]
C:\Users\f_ald\source\repos\The-Tech-Idea\Beep.OilandGas\Beep.OilandGas.Models\Core\Interfaces\IOwnershipService.cs(6,7): warning CS0105: The using directive for 'Beep.OilandGas.Models.Data.Ownership' appeared previously in this namespace [C:\Users\f_ald\source\repos\The-Tech-Idea\Beep.OilandGas\Beep.OilandGas.Models\Beep.OilandGas.Models.csproj::TargetFramework=net10.0]
C:\Users\f_ald\source\repos\The-Tech-Idea\Beep.OilandGas\Beep.OilandGas.Models\Core\Interfaces\IProductionAccountingValidator.cs(4,7): warning CS0105: The using directive for 'Beep.OilandGas.Models.Data.ProductionAccounting' appeared previously in this namespace [C:\Users\f_ald\source\repos\The-Tech-Idea\Beep.OilandGas\Beep.OilandGas.Models\Beep.OilandGas.Models.csproj::TargetFramework=net10.0]
C:\Users\f_ald\source\repos\The-Tech-Idea\Beep.OilandGas\Beep.OilandGas.Models\Core\Interfaces\IProductionOperationsService.cs(7,7): warning CS0105: The using directive for 'Beep.OilandGas.Models.Data.ProductionOperations' appeared previously in this namespace [C:\Users\f_ald\source\repos\The-Tech-Idea\Beep.OilandGas\Beep.OilandGas.Models\Beep.OilandGas.Models.csproj::TargetFramework=net10.0]
C:\Users\f_ald\source\repos\The-Tech-Idea\Beep.OilandGas\Beep.OilandGas.Models\Core\Interfaces\IProductionService.cs(6,7): warning CS0105: The using directive for 'Beep.OilandGas.Models.Data.ProductionAccounting' appeared previously in this namespace [C:\Users\f_ald\source\repos\The-Tech-Idea\Beep.OilandGas\Beep.OilandGas.Models\Beep.OilandGas.Models.csproj::TargetFramework=net10.0]
C:\Users\f_ald\source\repos\The-Tech-Idea\Beep.OilandGas\Beep.OilandGas.Models\Core\Interfaces\IRenderingService.cs(4,7): warning CS0105: The using directive for 'Beep.OilandGas.Models.Data.Rendering' appeared previously in this namespace [C:\Users\f_ald\source\repos\The-Tech-Idea\Beep.OilandGas\Beep.OilandGas.Models\Beep.OilandGas.Models.csproj::TargetFramework=net10.0]
C:\Users\f_ald\source\repos\The-Tech-Idea\Beep.OilandGas\Beep.OilandGas.Models\Core\Interfaces\IStorageService.cs(5,7): warning CS0105: The using directive for 'Beep.OilandGas.Models.Data.Storage' appeared previously in this namespace [C:\Users\f_ald\source\repos\The-Tech-Idea\Beep.OilandGas\Beep.OilandGas.Models\Beep.OilandGas.Models.csproj::TargetFramework=net10.0]
C:\Users\f_ald\source\repos\The-Tech-Idea\Beep.OilandGas\Beep.OilandGas.Models\Core\Interfaces\IValidationService.cs(5,7): warning CS0105: The using directive for 'Beep.OilandGas.Models.Data.Validation' appeared previously in this namespace [C:\Users\f_ald\source\repos\The-Tech-Idea\Beep.OilandGas\Beep.OilandGas.Models\Beep.OilandGas.Models.csproj::TargetFramework=net10.0]
C:\Users\f_ald\source\repos\The-Tech-Idea\Beep.OilandGas\Beep.OilandGas.Models\Data\NodalAnalysis\ArtificialLiftRecommendation.cs(4,7): warning CS0105: The using directive for 'Beep.OilandGas.Models.Data.NodalAnalysis' appeared previously in this namespace [C:\Users\f_ald\source\repos\The-Tech-Idea\Beep.OilandGas\Beep.OilandGas.Models\Beep.OilandGas.Models.csproj::TargetFramework=net10.0]
C:\Users\f_ald\source\repos\The-Tech-Idea\Beep.OilandGas\Beep.OilandGas.Models\Data\NodalAnalysis\NodalAnalysisParameters.cs(4,7): warning CS0105: The using directive for 'Beep.OilandGas.Models.Data.NodalAnalysis' appeared previously in this namespace [C:\Users\f_ald\source\repos\The-Tech-Idea\Beep.OilandGas\Beep.OilandGas.Models\Beep.OilandGas.Models.csproj::TargetFramework=net10.0]
C:\Users\f_ald\source\repos\The-Tech-Idea\Beep.OilandGas\Beep.OilandGas.Models\Data\NodalAnalysis\NodalAnalysisRunResult.cs(4,7): warning CS0105: The using directive for 'Beep.OilandGas.Models.Data.NodalAnalysis' appeared previously in this namespace [C:\Users\f_ald\source\repos\The-Tech-Idea\Beep.OilandGas\Beep.OilandGas.Models\Beep.OilandGas.Models.csproj::TargetFramework=net10.0]
C:\Users\f_ald\source\repos\The-Tech-Idea\Beep.OilandGas\Beep.OilandGas.Models\Data\NodalAnalysis\OptimizationGoals.cs(4,7): warning CS0105: The using directive for 'Beep.OilandGas.Models.Data.NodalAnalysis' appeared previously in this namespace [C:\Users\f_ald\source\repos\The-Tech-Idea\Beep.OilandGas\Beep.OilandGas.Models\Beep.OilandGas.Models.csproj::TargetFramework=net10.0]
C:\Users\f_ald\source\repos\The-Tech-Idea\Beep.OilandGas\Beep.OilandGas.Models\Data\NodalAnalysis\OptimizationResult.cs(4,7): warning CS0105: The using directive for 'Beep.OilandGas.Models.Data.NodalAnalysis' appeared previously in this namespace [C:\Users\f_ald\source\repos\The-Tech-Idea\Beep.OilandGas\Beep.OilandGas.Models\Beep.OilandGas.Models.csproj::TargetFramework=net10.0]
C:\Users\f_ald\source\repos\The-Tech-Idea\Beep.OilandGas\Beep.OilandGas.Models\Data\NodalAnalysis\PerformanceMatchingAnalysis.cs(4,7): warning CS0105: The using directive for 'Beep.OilandGas.Models.Data.NodalAnalysis' appeared previously in this namespace [C:\Users\f_ald\source\repos\The-Tech-Idea\Beep.OilandGas\Beep.OilandGas.Models\Beep.OilandGas.Models.csproj::TargetFramework=net10.0]
C:\Users\f_ald\source\repos\The-Tech-Idea\Beep.OilandGas\Beep.OilandGas.Models\Data\NodalAnalysis\PressureMaintenanceStrategy.cs(4,7): warning CS0105: The using directive for 'Beep.OilandGas.Models.Data.NodalAnalysis' appeared previously in this namespace [C:\Users\f_ald\source\repos\The-Tech-Idea\Beep.OilandGas\Beep.OilandGas.Models\Beep.OilandGas.Models.csproj::TargetFramework=net10.0]
C:\Users\f_ald\source\repos\The-Tech-Idea\Beep.OilandGas\Beep.OilandGas.Models\Data\NodalAnalysis\SensitivityAnalysisResult.cs(4,7): warning CS0105: The using directive for 'Beep.OilandGas.Models.Data.NodalAnalysis' appeared previously in this namespace [C:\Users\f_ald\source\repos\The-Tech-Idea\Beep.OilandGas\Beep.OilandGas.Models\Beep.OilandGas.Models.csproj::TargetFramework=net10.0]
C:\Users\f_ald\source\repos\The-Tech-Idea\Beep.OilandGas\Beep.OilandGas.Models\Data\NodalAnalysis\WellDiagnosticsResult.cs(4,7): warning CS0105: The using directive for 'Beep.OilandGas.Models.Data.NodalAnalysis' appeared previously in this namespace [C:\Users\f_ald\source\repos\The-Tech-Idea\Beep.OilandGas\Beep.OilandGas.Models\Beep.OilandGas.Models.csproj::TargetFramework=net10.0]
C:\Users\f_ald\source\repos\The-Tech-Idea\Beep.OilandGas\Beep.OilandGas.Models\Core\Interfaces\IDataManagementServices.cs(164,39): warning CS8625: Cannot convert null literal to non-nullable reference type. [C:\Users\f_ald\source\repos\The-Tech-Idea\Beep.OilandGas\Beep.OilandGas.Models\Beep.OilandGas.Models.csproj::TargetFramework=net10.0]
C:\Users\f_ald\source\repos\The-Tech-Idea\Beep.OilandGas\Beep.OilandGas.Models\Core\Interfaces\IDataManagementServices.cs(165,33): warning CS8625: Cannot convert null literal to non-nullable reference type. [C:\Users\f_ald\source\repos\The-Tech-Idea\Beep.OilandGas\Beep.OilandGas.Models\Beep.OilandGas.Models.csproj::TargetFramework=net10.0]
C:\Users\f_ald\source\repos\The-Tech-Idea\Beep.OilandGas\Beep.OilandGas.Models\Core\Interfaces\IDataManagementServices.cs(172,39): warning CS8625: Cannot convert null literal to non-nullable reference type. [C:\Users\f_ald\source\repos\The-Tech-Idea\Beep.OilandGas\Beep.OilandGas.Models\Beep.OilandGas.Models.csproj::TargetFramework=net10.0]
C:\Users\f_ald\source\repos\The-Tech-Idea\Beep.OilandGas\Beep.OilandGas.Models\Core\Interfaces\IDataManagementServices.cs(173,33): warning CS8625: Cannot convert null literal to non-nullable reference type. [C:\Users\f_ald\source\repos\The-Tech-Idea\Beep.OilandGas\Beep.OilandGas.Models\Beep.OilandGas.Models.csproj::TargetFramework=net10.0]
C:\Users\f_ald\source\repos\The-Tech-Idea\Beep.OilandGas\Beep.OilandGas.Models\Core\Interfaces\IDataManagementServices.cs(50,105): warning CS8625: Cannot convert null literal to non-nullable reference type. [C:\Users\f_ald\source\repos\The-Tech-Idea\Beep.OilandGas\Beep.OilandGas.Models\Beep.OilandGas.Models.csproj::TargetFramework=net10.0]
C:\Users\f_ald\source\repos\The-Tech-Idea\Beep.OilandGas\Beep.OilandGas.Models\Core\Interfaces\IDataManagementServices.cs(62,14): error CS0246: The type or namespace name 'ReconciliationResult' could not be found (are you missing a using directive or an assembly reference?) [C:\Users\f_ald\source\repos\The-Tech-Idea\Beep.OilandGas\Beep.OilandGas.Models\Beep.OilandGas.Models.csproj::TargetFramework=net10.0]
C:\Users\f_ald\source\repos\The-Tech-Idea\Beep.OilandGas\Beep.OilandGas.Models\Core\Interfaces\IDataManagementServices.cs(233,120): warning CS8625: Cannot convert null literal to non-nullable reference type. [C:\Users\f_ald\source\repos\The-Tech-Idea\Beep.OilandGas\Beep.OilandGas.Models\Beep.OilandGas.Models.csproj::TargetFramework=net10.0]
C:\Users\f_ald\source\repos\The-Tech-Idea\Beep.OilandGas\Beep.OilandGas.Models\Core\Interfaces\IDataManagementServices.cs(67,42): warning CS8625: Cannot convert null literal to non-nullable reference type. [C:\Users\f_ald\source\repos\The-Tech-Idea\Beep.OilandGas\Beep.OilandGas.Models\Beep.OilandGas.Models.csproj::TargetFramework=net10.0]
C:\Users\f_ald\source\repos\The-Tech-Idea\Beep.OilandGas\Beep.OilandGas.Models\Core\Interfaces\IDataManagementServices.cs(280,76): warning CS8625: Cannot convert null literal to non-nullable reference type. [C:\Users\f_ald\source\repos\The-Tech-Idea\Beep.OilandGas\Beep.OilandGas.Models\Beep.OilandGas.Models.csproj::TargetFramework=net10.0]
C:\Users\f_ald\source\repos\The-Tech-Idea\Beep.OilandGas\Beep.OilandGas.Models\Core\Interfaces\IDataManagementServices.cs(375,75): warning CS8625: Cannot convert null literal to non-nullable reference type. [C:\Users\f_ald\source\repos\The-Tech-Idea\Beep.OilandGas\Beep.OilandGas.Models\Beep.OilandGas.Models.csproj::TargetFramework=net10.0]
C:\Users\f_ald\source\repos\The-Tech-Idea\Beep.OilandGas\Beep.OilandGas.Models\Core\Interfaces\IAccountingService.cs(17,40): error CS0234: The type or namespace name 'SalesTransaction' does not exist in the namespace 'Beep.OilandGas.Models.Data.ProductionAccounting' (are you missing an assembly reference?) [C:\Users\f_ald\source\repos\The-Tech-Idea\Beep.OilandGas\Beep.OilandGas.Models\Beep.OilandGas.Models.csproj::TargetFramework=net10.0]
C:\Users\f_ald\source\repos\The-Tech-Idea\Beep.OilandGas\Beep.OilandGas.Models\Core\Interfaces\IAccountingService.cs(22,40): error CS0234: The type or namespace name 'SalesTransaction' does not exist in the namespace 'Beep.OilandGas.Models.Data.ProductionAccounting' (are you missing an assembly reference?) [C:\Users\f_ald\source\repos\The-Tech-Idea\Beep.OilandGas\Beep.OilandGas.Models\Beep.OilandGas.Models.csproj::TargetFramework=net10.0]
C:\Users\f_ald\source\repos\The-Tech-Idea\Beep.OilandGas\Beep.OilandGas.Models\Core\Interfaces\IAccountingService.cs(27,45): error CS0234: The type or namespace name 'SalesTransaction' does not exist in the namespace 'Beep.OilandGas.Models.Data.ProductionAccounting' (are you missing an assembly reference?) [C:\Users\f_ald\source\repos\The-Tech-Idea\Beep.OilandGas\Beep.OilandGas.Models\Beep.OilandGas.Models.csproj::TargetFramework=net10.0]
C:\Users\f_ald\source\repos\The-Tech-Idea\Beep.OilandGas\Beep.OilandGas.Models\Core\Interfaces\IAccountingService.cs(32,45): error CS0234: The type or namespace name 'SalesTransaction' does not exist in the namespace 'Beep.OilandGas.Models.Data.ProductionAccounting' (are you missing an assembly reference?) [C:\Users\f_ald\source\repos\The-Tech-Idea\Beep.OilandGas\Beep.OilandGas.Models\Beep.OilandGas.Models.csproj::TargetFramework=net10.0]
C:\Users\f_ald\source\repos\The-Tech-Idea\Beep.OilandGas\Beep.OilandGas.Models\Core\Interfaces\IPPDMProductionService.cs(16,68): warning CS8625: Cannot convert null literal to non-nullable reference type. [C:\Users\f_ald\source\repos\The-Tech-Idea\Beep.OilandGas\Beep.OilandGas.Models\Beep.OilandGas.Models.csproj::TargetFramework=net10.0]
C:\Users\f_ald\source\repos\The-Tech-Idea\Beep.OilandGas\Beep.OilandGas.Models\Core\Interfaces\IPPDMProductionService.cs(21,66): warning CS8625: Cannot convert null literal to non-nullable reference type. [C:\Users\f_ald\source\repos\The-Tech-Idea\Beep.OilandGas\Beep.OilandGas.Models\Beep.OilandGas.Models.csproj::TargetFramework=net10.0]
C:\Users\f_ald\source\repos\The-Tech-Idea\Beep.OilandGas\Beep.OilandGas.Models\Core\Interfaces\IPPDMProductionService.cs(26,83): warning CS8625: Cannot convert null literal to non-nullable reference type. [C:\Users\f_ald\source\repos\The-Tech-Idea\Beep.OilandGas\Beep.OilandGas.Models\Beep.OilandGas.Models.csproj::TargetFramework=net10.0]
C:\Users\f_ald\source\repos\The-Tech-Idea\Beep.OilandGas\Beep.OilandGas.Models\Core\Interfaces\IPPDMProductionService.cs(31,79): warning CS8625: Cannot convert null literal to non-nullable reference type. [C:\Users\f_ald\source\repos\The-Tech-Idea\Beep.OilandGas\Beep.OilandGas.Models\Beep.OilandGas.Models.csproj::TargetFramework=net10.0]
C:\Users\f_ald\source\repos\The-Tech-Idea\Beep.OilandGas\Beep.OilandGas.Models\Core\Interfaces\IPPDMProductionService.cs(36,92): warning CS8625: Cannot convert null literal to non-nullable reference type. [C:\Users\f_ald\source\repos\The-Tech-Idea\Beep.OilandGas\Beep.OilandGas.Models\Beep.OilandGas.Models.csproj::TargetFramework=net10.0]
C:\Users\f_ald\source\repos\The-Tech-Idea\Beep.OilandGas\Beep.OilandGas.Models\Core\Interfaces\IPPDMRepository.cs(84,68): warning CS8625: Cannot convert null literal to non-nullable reference type. [C:\Users\f_ald\source\repos\The-Tech-Idea\Beep.OilandGas\Beep.OilandGas.Models\Beep.OilandGas.Models.csproj::TargetFramework=net10.0]
C:\Users\f_ald\source\repos\The-Tech-Idea\Beep.OilandGas\Beep.OilandGas.Models\Core\Interfaces\IPPDMRepository.cs(92,51): warning CS8625: Cannot convert null literal to non-nullable reference type. [C:\Users\f_ald\source\repos\The-Tech-Idea\Beep.OilandGas\Beep.OilandGas.Models\Beep.OilandGas.Models.csproj::TargetFramework=net10.0]
C:\Users\f_ald\source\repos\The-Tech-Idea\Beep.OilandGas\Beep.OilandGas.Models\Core\Interfaces\IPPDMRepository.cs(93,51): warning CS8625: Cannot convert null literal to non-nullable reference type. [C:\Users\f_ald\source\repos\The-Tech-Idea\Beep.OilandGas\Beep.OilandGas.Models\Beep.OilandGas.Models.csproj::TargetFramework=net10.0]
C:\Users\f_ald\source\repos\The-Tech-Idea\Beep.OilandGas\Beep.OilandGas.Models\Core\Interfaces\IWellComparisonService.cs(21,39): warning CS8625: Cannot convert null literal to non-nullable reference type. [C:\Users\f_ald\source\repos\The-Tech-Idea\Beep.OilandGas\Beep.OilandGas.Models\Beep.OilandGas.Models.csproj::TargetFramework=net10.0]
C:\Users\f_ald\source\repos\The-Tech-Idea\Beep.OilandGas\Beep.OilandGas.Models\Core\Interfaces\IWellComparisonService.cs(22,37): warning CS8625: Cannot convert null literal to non-nullable reference type. [C:\Users\f_ald\source\repos\The-Tech-Idea\Beep.OilandGas\Beep.OilandGas.Models\Beep.OilandGas.Models.csproj::TargetFramework=net10.0]
C:\Users\f_ald\source\repos\The-Tech-Idea\Beep.OilandGas\Beep.OilandGas.Models\Core\Interfaces\IWellComparisonService.cs(32,39): warning CS8625: Cannot convert null literal to non-nullable reference type. [C:\Users\f_ald\source\repos\The-Tech-Idea\Beep.OilandGas\Beep.OilandGas.Models\Beep.OilandGas.Models.csproj::TargetFramework=net10.0]
C:\Users\f_ald\source\repos\The-Tech-Idea\Beep.OilandGas\Beep.OilandGas.Models\Data\Accounting\Financial\CeilingTestRequest.cs(22,16): error CS0246: The type or namespace name 'ProvedReserves' could not be found (are you missing a using directive or an assembly reference?) [C:\Users\f_ald\source\repos\The-Tech-Idea\Beep.OilandGas\Beep.OilandGas.Models\Beep.OilandGas.Models.csproj::TargetFramework=net10.0]
C:\Users\f_ald\source\repos\The-Tech-Idea\Beep.OilandGas\Beep.OilandGas.Models\Data\Accounting\Financial\CeilingTestRequest.cs(33,16): error CS0246: The type or namespace name 'ProductionData' could not be found (are you missing a using directive or an assembly reference?) [C:\Users\f_ald\source\repos\The-Tech-Idea\Beep.OilandGas\Beep.OilandGas.Models\Beep.OilandGas.Models.csproj::TargetFramework=net10.0]
C:\Users\f_ald\source\repos\The-Tech-Idea\Beep.OilandGas\Beep.OilandGas.Models\Data\Accounting\Financial\CeilingTestRequest.cs(20,17): error CS0246: The type or namespace name 'ProvedReserves' could not be found (are you missing a using directive or an assembly reference?) [C:\Users\f_ald\source\repos\The-Tech-Idea\Beep.OilandGas\Beep.OilandGas.Models\Beep.OilandGas.Models.csproj::TargetFramework=net10.0]
C:\Users\f_ald\source\repos\The-Tech-Idea\Beep.OilandGas\Beep.OilandGas.Models\Data\Accounting\Financial\CeilingTestRequest.cs(31,17): error CS0246: The type or namespace name 'ProductionData' could not be found (are you missing a using directive or an assembly reference?) [C:\Users\f_ald\source\repos\The-Tech-Idea\Beep.OilandGas\Beep.OilandGas.Models\Beep.OilandGas.Models.csproj::TargetFramework=net10.0]
C:\Users\f_ald\source\repos\The-Tech-Idea\Beep.OilandGas\Beep.OilandGas.Models\Data\Process\PROCESS_STEP_DATA.cs(35,16): error CS0246: The type or namespace name 'ProductionForecast' could not be found (are you missing a using directive or an assembly reference?) [C:\Users\f_ald\source\repos\The-Tech-Idea\Beep.OilandGas\Beep.OilandGas.Models\Beep.OilandGas.Models.csproj::TargetFramework=net10.0]
C:\Users\f_ald\source\repos\The-Tech-Idea\Beep.OilandGas\Beep.OilandGas.Models\Data\Process\PROCESS_STEP_DATA.cs(44,16): error CS0246: The type or namespace name 'GenerateOperationalReportRequest' could not be found (are you missing a using directive or an assembly reference?) [C:\Users\f_ald\source\repos\The-Tech-Idea\Beep.OilandGas\Beep.OilandGas.Models\Beep.OilandGas.Models.csproj::TargetFramework=net10.0]
C:\Users\f_ald\source\repos\The-Tech-Idea\Beep.OilandGas\Beep.OilandGas.Models\Data\GasLift\GasLiftPotentialResult.cs(58,21): error CS0246: The type or namespace name 'GasLiftPerformancePoint' could not be found (are you missing a using directive or an assembly reference?) [C:\Users\f_ald\source\repos\The-Tech-Idea\Beep.OilandGas\Beep.OilandGas.Models\Beep.OilandGas.Models.csproj::TargetFramework=net10.0]
C:\Users\f_ald\source\repos\The-Tech-Idea\Beep.OilandGas\Beep.OilandGas.Models\Data\GasLift\GasLiftPotentialResult.cs(56,22): error CS0246: The type or namespace name 'GasLiftPerformancePoint' could not be found (are you missing a using directive or an assembly reference?) [C:\Users\f_ald\source\repos\The-Tech-Idea\Beep.OilandGas\Beep.OilandGas.Models\Beep.OilandGas.Models.csproj::TargetFramework=net10.0]
C:\Users\f_ald\source\repos\The-Tech-Idea\Beep.OilandGas\Beep.OilandGas.Models\Data\ProductionAccounting\FeeMineralLease.cs(7,36): error CS0246: The type or namespace name 'LeaseAgreement' could not be found (are you missing a using directive or an assembly reference?) [C:\Users\f_ald\source\repos\The-Tech-Idea\Beep.OilandGas\Beep.OilandGas.Models\Beep.OilandGas.Models.csproj::TargetFramework=net10.0]
C:\Users\f_ald\source\repos\The-Tech-Idea\Beep.OilandGas\Beep.OilandGas.Models\Data\ProductionAccounting\ImbalanceStatement.cs(60,16): error CS0246: The type or namespace name 'ImbalanceSummary' could not be found (are you missing a using directive or an assembly reference?) [C:\Users\f_ald\source\repos\The-Tech-Idea\Beep.OilandGas\Beep.OilandGas.Models\Beep.OilandGas.Models.csproj::TargetFramework=net10.0]
C:\Users\f_ald\source\repos\The-Tech-Idea\Beep.OilandGas\Beep.OilandGas.Models\Data\ProductionAccounting\ImbalanceStatement.cs(75,16): error CS0246: The type or namespace name 'ImbalanceSummary' could not be found (are you missing a using directive or an assembly reference?) [C:\Users\f_ald\source\repos\The-Tech-Idea\Beep.OilandGas\Beep.OilandGas.Models\Beep.OilandGas.Models.csproj::TargetFramework=net10.0]
C:\Users\f_ald\source\repos\The-Tech-Idea\Beep.OilandGas\Beep.OilandGas.Models\Data\ProductionAccounting\GovernmentLease.cs(7,36): error CS0246: The type or namespace name 'LeaseAgreement' could not be found (are you missing a using directive or an assembly reference?) [C:\Users\f_ald\source\repos\The-Tech-Idea\Beep.OilandGas\Beep.OilandGas.Models\Beep.OilandGas.Models.csproj::TargetFramework=net10.0]
C:\Users\f_ald\source\repos\The-Tech-Idea\Beep.OilandGas\Beep.OilandGas.Models\Data\ProductionAccounting\ImbalanceStatement.cs(58,17): error CS0246: The type or namespace name 'ImbalanceSummary' could not be found (are you missing a using directive or an assembly reference?) [C:\Users\f_ald\source\repos\The-Tech-Idea\Beep.OilandGas\Beep.OilandGas.Models\Beep.OilandGas.Models.csproj::TargetFramework=net10.0]
C:\Users\f_ald\source\repos\The-Tech-Idea\Beep.OilandGas\Beep.OilandGas.Models\Data\ProductionAccounting\ImbalanceStatement.cs(73,17): error CS0246: The type or namespace name 'ImbalanceSummary' could not be found (are you missing a using directive or an assembly reference?) [C:\Users\f_ald\source\repos\The-Tech-Idea\Beep.OilandGas\Beep.OilandGas.Models\Beep.OilandGas.Models.csproj::TargetFramework=net10.0]
C:\Users\f_ald\source\repos\The-Tech-Idea\Beep.OilandGas\Beep.OilandGas.Models\Data\ProductionAccounting\LeaseReport.cs(111,21): error CS0246: The type or namespace name 'SalesTransaction' could not be found (are you missing a using directive or an assembly reference?) [C:\Users\f_ald\source\repos\The-Tech-Idea\Beep.OilandGas\Beep.OilandGas.Models\Beep.OilandGas.Models.csproj::TargetFramework=net10.0]
C:\Users\f_ald\source\repos\The-Tech-Idea\Beep.OilandGas\Beep.OilandGas.Models\Data\ProductionAccounting\LeaseReport.cs(109,22): error CS0246: The type or namespace name 'SalesTransaction' could not be found (are you missing a using directive or an assembly reference?) [C:\Users\f_ald\source\repos\The-Tech-Idea\Beep.OilandGas\Beep.OilandGas.Models\Beep.OilandGas.Models.csproj::TargetFramework=net10.0]
C:\Users\f_ald\source\repos\The-Tech-Idea\Beep.OilandGas\Beep.OilandGas.Models\Data\ProductionAccounting\NetProfitLease.cs(7,35): error CS0246: The type or namespace name 'LeaseAgreement' could not be found (are you missing a using directive or an assembly reference?) [C:\Users\f_ald\source\repos\The-Tech-Idea\Beep.OilandGas\Beep.OilandGas.Models\Beep.OilandGas.Models.csproj::TargetFramework=net10.0]
C:\Users\f_ald\source\repos\The-Tech-Idea\Beep.OilandGas\Beep.OilandGas.Models\Data\ProductionAccounting\JointInterestLease.cs(7,39): error CS0246: The type or namespace name 'LeaseAgreement' could not be found (are you missing a using directive or an assembly reference?) [C:\Users\f_ald\source\repos\The-Tech-Idea\Beep.OilandGas\Beep.OilandGas.Models\Beep.OilandGas.Models.csproj::TargetFramework=net10.0]
C:\Users\f_ald\source\repos\The-Tech-Idea\Beep.OilandGas\Beep.OilandGas.Models\Data\ProductionAccounting\ProvedProperty.cs(88,16): error CS0246: The type or namespace name 'ProvedReserves' could not be found (are you missing a using directive or an assembly reference?) [C:\Users\f_ald\source\repos\The-Tech-Idea\Beep.OilandGas\Beep.OilandGas.Models\Beep.OilandGas.Models.csproj::TargetFramework=net10.0]
C:\Users\f_ald\source\repos\The-Tech-Idea\Beep.OilandGas\Beep.OilandGas.Models\Data\ProductionAccounting\ProvedProperty.cs(86,17): error CS0246: The type or namespace name 'ProvedReserves' could not be found (are you missing a using directive or an assembly reference?) [C:\Users\f_ald\source\repos\The-Tech-Idea\Beep.OilandGas\Beep.OilandGas.Models\Beep.OilandGas.Models.csproj::TargetFramework=net10.0]
C:\Users\f_ald\source\repos\The-Tech-Idea\Beep.OilandGas\Beep.OilandGas.Models\Data\ProductionAccounting\OperationalReport.cs(111,21): error CS0246: The type or namespace name 'SalesTransaction' could not be found (are you missing a using directive or an assembly reference?) [C:\Users\f_ald\source\repos\The-Tech-Idea\Beep.OilandGas\Beep.OilandGas.Models\Beep.OilandGas.Models.csproj::TargetFramework=net10.0]
C:\Users\f_ald\source\repos\The-Tech-Idea\Beep.OilandGas\Beep.OilandGas.Models\Data\ProductionAccounting\OperationalReport.cs(109,22): error CS0246: The type or namespace name 'SalesTransaction' could not be found (are you missing a using directive or an assembly reference?) [C:\Users\f_ald\source\repos\The-Tech-Idea\Beep.OilandGas\Beep.OilandGas.Models\Beep.OilandGas.Models.csproj::TargetFramework=net10.0]

Build FAILED.

C:\Users\f_ald\source\repos\The-Tech-Idea\Beep.OilandGas\Beep.OilandGas.Models\Core\Interfaces\IAnalyticsService.cs(5,7): warning CS0105: The using directive for 'Beep.OilandGas.Models.Data.Analytics' appeared previously in this namespace [C:\Users\f_ald\source\repos\The-Tech-Idea\Beep.OilandGas\Beep.OilandGas.Models\Beep.OilandGas.Models.csproj::TargetFramework=net10.0]
C:\Users\f_ald\source\repos\The-Tech-Idea\Beep.OilandGas\Beep.OilandGas.Models\Core\Interfaces\ICalculationService.cs(6,7): warning CS0105: The using directive for 'Beep.OilandGas.Models.Data.WellTestAnalysis' appeared previously in this namespace [C:\Users\f_ald\source\repos\The-Tech-Idea\Beep.OilandGas\Beep.OilandGas.Models\Beep.OilandGas.Models.csproj::TargetFramework=net10.0]
C:\Users\f_ald\source\repos\The-Tech-Idea\Beep.OilandGas\Beep.OilandGas.Models\Core\Interfaces\ICalculationService_PPDM.cs(5,7): warning CS0105: The using directive for 'Beep.OilandGas.Models.Data.Calculations' appeared previously in this namespace [C:\Users\f_ald\source\repos\The-Tech-Idea\Beep.OilandGas\Beep.OilandGas.Models\Beep.OilandGas.Models.csproj::TargetFramework=net10.0]
C:\Users\f_ald\source\repos\The-Tech-Idea\Beep.OilandGas\Beep.OilandGas.Models\Core\Interfaces\IExportService.cs(5,7): warning CS0105: The using directive for 'Beep.OilandGas.Models.Data.Export' appeared previously in this namespace [C:\Users\f_ald\source\repos\The-Tech-Idea\Beep.OilandGas\Beep.OilandGas.Models\Beep.OilandGas.Models.csproj::TargetFramework=net10.0]
C:\Users\f_ald\source\repos\The-Tech-Idea\Beep.OilandGas\Beep.OilandGas.Models\Core\Interfaces\ILeaseService.cs(6,7): warning CS0105: The using directive for 'Beep.OilandGas.Models.Data.Lease' appeared previously in this namespace [C:\Users\f_ald\source\repos\The-Tech-Idea\Beep.OilandGas\Beep.OilandGas.Models\Beep.OilandGas.Models.csproj::TargetFramework=net10.0]
C:\Users\f_ald\source\repos\The-Tech-Idea\Beep.OilandGas\Beep.OilandGas.Models\Core\Interfaces\ILeaseService.cs(7,7): warning CS0105: The using directive for 'Beep.OilandGas.Models.Data.Agreement' appeared previously in this namespace [C:\Users\f_ald\source\repos\The-Tech-Idea\Beep.OilandGas\Beep.OilandGas.Models\Beep.OilandGas.Models.csproj::TargetFramework=net10.0]
C:\Users\f_ald\source\repos\The-Tech-Idea\Beep.OilandGas\Beep.OilandGas.Models\Core\Interfaces\IOwnershipService.cs(6,7): warning CS0105: The using directive for 'Beep.OilandGas.Models.Data.Ownership' appeared previously in this namespace [C:\Users\f_ald\source\repos\The-Tech-Idea\Beep.OilandGas\Beep.OilandGas.Models\Beep.OilandGas.Models.csproj::TargetFramework=net10.0]
C:\Users\f_ald\source\repos\The-Tech-Idea\Beep.OilandGas\Beep.OilandGas.Models\Core\Interfaces\IProductionAccountingValidator.cs(4,7): warning CS0105: The using directive for 'Beep.OilandGas.Models.Data.ProductionAccounting' appeared previously in this namespace [C:\Users\f_ald\source\repos\The-Tech-Idea\Beep.OilandGas\Beep.OilandGas.Models\Beep.OilandGas.Models.csproj::TargetFramework=net10.0]
C:\Users\f_ald\source\repos\The-Tech-Idea\Beep.OilandGas\Beep.OilandGas.Models\Core\Interfaces\IProductionOperationsService.cs(7,7): warning CS0105: The using directive for 'Beep.OilandGas.Models.Data.ProductionOperations' appeared previously in this namespace [C:\Users\f_ald\source\repos\The-Tech-Idea\Beep.OilandGas\Beep.OilandGas.Models\Beep.OilandGas.Models.csproj::TargetFramework=net10.0]
C:\Users\f_ald\source\repos\The-Tech-Idea\Beep.OilandGas\Beep.OilandGas.Models\Core\Interfaces\IProductionService.cs(6,7): warning CS0105: The using directive for 'Beep.OilandGas.Models.Data.ProductionAccounting' appeared previously in this namespace [C:\Users\f_ald\source\repos\The-Tech-Idea\Beep.OilandGas\Beep.OilandGas.Models\Beep.OilandGas.Models.csproj::TargetFramework=net10.0]
C:\Users\f_ald\source\repos\The-Tech-Idea\Beep.OilandGas\Beep.OilandGas.Models\Core\Interfaces\IRenderingService.cs(4,7): warning CS0105: The using directive for 'Beep.OilandGas.Models.Data.Rendering' appeared previously in this namespace [C:\Users\f_ald\source\repos\The-Tech-Idea\Beep.OilandGas\Beep.OilandGas.Models\Beep.OilandGas.Models.csproj::TargetFramework=net10.0]
C:\Users\f_ald\source\repos\The-Tech-Idea\Beep.OilandGas\Beep.OilandGas.Models\Core\Interfaces\IStorageService.cs(5,7): warning CS0105: The using directive for 'Beep.OilandGas.Models.Data.Storage' appeared previously in this namespace [C:\Users\f_ald\source\repos\The-Tech-Idea\Beep.OilandGas\Beep.OilandGas.Models\Beep.OilandGas.Models.csproj::TargetFramework=net10.0]
C:\Users\f_ald\source\repos\The-Tech-Idea\Beep.OilandGas\Beep.OilandGas.Models\Core\Interfaces\IValidationService.cs(5,7): warning CS0105: The using directive for 'Beep.OilandGas.Models.Data.Validation' appeared previously in this namespace [C:\Users\f_ald\source\repos\The-Tech-Idea\Beep.OilandGas\Beep.OilandGas.Models\Beep.OilandGas.Models.csproj::TargetFramework=net10.0]
C:\Users\f_ald\source\repos\The-Tech-Idea\Beep.OilandGas\Beep.OilandGas.Models\Data\NodalAnalysis\ArtificialLiftRecommendation.cs(4,7): warning CS0105: The using directive for 'Beep.OilandGas.Models.Data.NodalAnalysis' appeared previously in this namespace [C:\Users\f_ald\source\repos\The-Tech-Idea\Beep.OilandGas\Beep.OilandGas.Models\Beep.OilandGas.Models.csproj::TargetFramework=net10.0]
C:\Users\f_ald\source\repos\The-Tech-Idea\Beep.OilandGas\Beep.OilandGas.Models\Data\NodalAnalysis\NodalAnalysisParameters.cs(4,7): warning CS0105: The using directive for 'Beep.OilandGas.Models.Data.NodalAnalysis' appeared previously in this namespace [C:\Users\f_ald\source\repos\The-Tech-Idea\Beep.OilandGas\Beep.OilandGas.Models\Beep.OilandGas.Models.csproj::TargetFramework=net10.0]
C:\Users\f_ald\source\repos\The-Tech-Idea\Beep.OilandGas\Beep.OilandGas.Models\Data\NodalAnalysis\NodalAnalysisRunResult.cs(4,7): warning CS0105: The using directive for 'Beep.OilandGas.Models.Data.NodalAnalysis' appeared previously in this namespace [C:\Users\f_ald\source\repos\The-Tech-Idea\Beep.OilandGas\Beep.OilandGas.Models\Beep.OilandGas.Models.csproj::TargetFramework=net10.0]
C:\Users\f_ald\source\repos\The-Tech-Idea\Beep.OilandGas\Beep.OilandGas.Models\Data\NodalAnalysis\OptimizationGoals.cs(4,7): warning CS0105: The using directive for 'Beep.OilandGas.Models.Data.NodalAnalysis' appeared previously in this namespace [C:\Users\f_ald\source\repos\The-Tech-Idea\Beep.OilandGas\Beep.OilandGas.Models\Beep.OilandGas.Models.csproj::TargetFramework=net10.0]
C:\Users\f_ald\source\repos\The-Tech-Idea\Beep.OilandGas\Beep.OilandGas.Models\Data\NodalAnalysis\OptimizationResult.cs(4,7): warning CS0105: The using directive for 'Beep.OilandGas.Models.Data.NodalAnalysis' appeared previously in this namespace [C:\Users\f_ald\source\repos\The-Tech-Idea\Beep.OilandGas\Beep.OilandGas.Models\Beep.OilandGas.Models.csproj::TargetFramework=net10.0]
C:\Users\f_ald\source\repos\The-Tech-Idea\Beep.OilandGas\Beep.OilandGas.Models\Data\NodalAnalysis\PerformanceMatchingAnalysis.cs(4,7): warning CS0105: The using directive for 'Beep.OilandGas.Models.Data.NodalAnalysis' appeared previously in this namespace [C:\Users\f_ald\source\repos\The-Tech-Idea\Beep.OilandGas\Beep.OilandGas.Models\Beep.OilandGas.Models.csproj::TargetFramework=net10.0]
C:\Users\f_ald\source\repos\The-Tech-Idea\Beep.OilandGas\Beep.OilandGas.Models\Data\NodalAnalysis\PressureMaintenanceStrategy.cs(4,7): warning CS0105: The using directive for 'Beep.OilandGas.Models.Data.NodalAnalysis' appeared previously in this namespace [C:\Users\f_ald\source\repos\The-Tech-Idea\Beep.OilandGas\Beep.OilandGas.Models\Beep.OilandGas.Models.csproj::TargetFramework=net10.0]
C:\Users\f_ald\source\repos\The-Tech-Idea\Beep.OilandGas\Beep.OilandGas.Models\Data\NodalAnalysis\SensitivityAnalysisResult.cs(4,7): warning CS0105: The using directive for 'Beep.OilandGas.Models.Data.NodalAnalysis' appeared previously in this namespace [C:\Users\f_ald\source\repos\The-Tech-Idea\Beep.OilandGas\Beep.OilandGas.Models\Beep.OilandGas.Models.csproj::TargetFramework=net10.0]
C:\Users\f_ald\source\repos\The-Tech-Idea\Beep.OilandGas\Beep.OilandGas.Models\Data\NodalAnalysis\WellDiagnosticsResult.cs(4,7): warning CS0105: The using directive for 'Beep.OilandGas.Models.Data.NodalAnalysis' appeared previously in this namespace [C:\Users\f_ald\source\repos\The-Tech-Idea\Beep.OilandGas\Beep.OilandGas.Models\Beep.OilandGas.Models.csproj::TargetFramework=net10.0]
C:\Users\f_ald\source\repos\The-Tech-Idea\Beep.OilandGas\Beep.OilandGas.Models\Core\Interfaces\IDataManagementServices.cs(164,39): warning CS8625: Cannot convert null literal to non-nullable reference type. [C:\Users\f_ald\source\repos\The-Tech-Idea\Beep.OilandGas\Beep.OilandGas.Models\Beep.OilandGas.Models.csproj::TargetFramework=net10.0]
C:\Users\f_ald\source\repos\The-Tech-Idea\Beep.OilandGas\Beep.OilandGas.Models\Core\Interfaces\IDataManagementServices.cs(165,33): warning CS8625: Cannot convert null literal to non-nullable reference type. [C:\Users\f_ald\source\repos\The-Tech-Idea\Beep.OilandGas\Beep.OilandGas.Models\Beep.OilandGas.Models.csproj::TargetFramework=net10.0]
C:\Users\f_ald\source\repos\The-Tech-Idea\Beep.OilandGas\Beep.OilandGas.Models\Core\Interfaces\IDataManagementServices.cs(172,39): warning CS8625: Cannot convert null literal to non-nullable reference type. [C:\Users\f_ald\source\repos\The-Tech-Idea\Beep.OilandGas\Beep.OilandGas.Models\Beep.OilandGas.Models.csproj::TargetFramework=net10.0]
C:\Users\f_ald\source\repos\The-Tech-Idea\Beep.OilandGas\Beep.OilandGas.Models\Core\Interfaces\IDataManagementServices.cs(173,33): warning CS8625: Cannot convert null literal to non-nullable reference type. [C:\Users\f_ald\source\repos\The-Tech-Idea\Beep.OilandGas\Beep.OilandGas.Models\Beep.OilandGas.Models.csproj::TargetFramework=net10.0]
C:\Users\f_ald\source\repos\The-Tech-Idea\Beep.OilandGas\Beep.OilandGas.Models\Core\Interfaces\IDataManagementServices.cs(50,105): warning CS8625: Cannot convert null literal to non-nullable reference type. [C:\Users\f_ald\source\repos\The-Tech-Idea\Beep.OilandGas\Beep.OilandGas.Models\Beep.OilandGas.Models.csproj::TargetFramework=net10.0]
C:\Users\f_ald\source\repos\The-Tech-Idea\Beep.OilandGas\Beep.OilandGas.Models\Core\Interfaces\IDataManagementServices.cs(233,120): warning CS8625: Cannot convert null literal to non-nullable reference type. [C:\Users\f_ald\source\repos\The-Tech-Idea\Beep.OilandGas\Beep.OilandGas.Models\Beep.OilandGas.Models.csproj::TargetFramework=net10.0]
C:\Users\f_ald\source\repos\The-Tech-Idea\Beep.OilandGas\Beep.OilandGas.Models\Core\Interfaces\IDataManagementServices.cs(67,42): warning CS8625: Cannot convert null literal to non-nullable reference type. [C:\Users\f_ald\source\repos\The-Tech-Idea\Beep.OilandGas\Beep.OilandGas.Models\Beep.OilandGas.Models.csproj::TargetFramework=net10.0]
C:\Users\f_ald\source\repos\The-Tech-Idea\Beep.OilandGas\Beep.OilandGas.Models\Core\Interfaces\IDataManagementServices.cs(280,76): warning CS8625: Cannot convert null literal to non-nullable reference type. [C:\Users\f_ald\source\repos\The-Tech-Idea\Beep.OilandGas\Beep.OilandGas.Models\Beep.OilandGas.Models.csproj::TargetFramework=net10.0]
C:\Users\f_ald\source\repos\The-Tech-Idea\Beep.OilandGas\Beep.OilandGas.Models\Core\Interfaces\IDataManagementServices.cs(375,75): warning CS8625: Cannot convert null literal to non-nullable reference type. [C:\Users\f_ald\source\repos\The-Tech-Idea\Beep.OilandGas\Beep.OilandGas.Models\Beep.OilandGas.Models.csproj::TargetFramework=net10.0]
C:\Users\f_ald\source\repos\The-Tech-Idea\Beep.OilandGas\Beep.OilandGas.Models\Core\Interfaces\IPPDMProductionService.cs(16,68): warning CS8625: Cannot convert null literal to non-nullable reference type. [C:\Users\f_ald\source\repos\The-Tech-Idea\Beep.OilandGas\Beep.OilandGas.Models\Beep.OilandGas.Models.csproj::TargetFramework=net10.0]
C:\Users\f_ald\source\repos\The-Tech-Idea\Beep.OilandGas\Beep.OilandGas.Models\Core\Interfaces\IPPDMProductionService.cs(21,66): warning CS8625: Cannot convert null literal to non-nullable reference type. [C:\Users\f_ald\source\repos\The-Tech-Idea\Beep.OilandGas\Beep.OilandGas.Models\Beep.OilandGas.Models.csproj::TargetFramework=net10.0]
C:\Users\f_ald\source\repos\The-Tech-Idea\Beep.OilandGas\Beep.OilandGas.Models\Core\Interfaces\IPPDMProductionService.cs(26,83): warning CS8625: Cannot convert null literal to non-nullable reference type. [C:\Users\f_ald\source\repos\The-Tech-Idea\Beep.OilandGas\Beep.OilandGas.Models\Beep.OilandGas.Models.csproj::TargetFramework=net10.0]
C:\Users\f_ald\source\repos\The-Tech-Idea\Beep.OilandGas\Beep.OilandGas.Models\Core\Interfaces\IPPDMProductionService.cs(31,79): warning CS8625: Cannot convert null literal to non-nullable reference type. [C:\Users\f_ald\source\repos\The-Tech-Idea\Beep.OilandGas\Beep.OilandGas.Models\Beep.OilandGas.Models.csproj::TargetFramework=net10.0]
C:\Users\f_ald\source\repos\The-Tech-Idea\Beep.OilandGas\Beep.OilandGas.Models\Core\Interfaces\IPPDMProductionService.cs(36,92): warning CS8625: Cannot convert null literal to non-nullable reference type. [C:\Users\f_ald\source\repos\The-Tech-Idea\Beep.OilandGas\Beep.OilandGas.Models\Beep.OilandGas.Models.csproj::TargetFramework=net10.0]
C:\Users\f_ald\source\repos\The-Tech-Idea\Beep.OilandGas\Beep.OilandGas.Models\Core\Interfaces\IPPDMRepository.cs(84,68): warning CS8625: Cannot convert null literal to non-nullable reference type. [C:\Users\f_ald\source\repos\The-Tech-Idea\Beep.OilandGas\Beep.OilandGas.Models\Beep.OilandGas.Models.csproj::TargetFramework=net10.0]
C:\Users\f_ald\source\repos\The-Tech-Idea\Beep.OilandGas\Beep.OilandGas.Models\Core\Interfaces\IPPDMRepository.cs(92,51): warning CS8625: Cannot convert null literal to non-nullable reference type. [C:\Users\f_ald\source\repos\The-Tech-Idea\Beep.OilandGas\Beep.OilandGas.Models\Beep.OilandGas.Models.csproj::TargetFramework=net10.0]
C:\Users\f_ald\source\repos\The-Tech-Idea\Beep.OilandGas\Beep.OilandGas.Models\Core\Interfaces\IPPDMRepository.cs(93,51): warning CS8625: Cannot convert null literal to non-nullable reference type. [C:\Users\f_ald\source\repos\The-Tech-Idea\Beep.OilandGas\Beep.OilandGas.Models\Beep.OilandGas.Models.csproj::TargetFramework=net10.0]
C:\Users\f_ald\source\repos\The-Tech-Idea\Beep.OilandGas\Beep.OilandGas.Models\Core\Interfaces\IWellComparisonService.cs(21,39): warning CS8625: Cannot convert null literal to non-nullable reference type. [C:\Users\f_ald\source\repos\The-Tech-Idea\Beep.OilandGas\Beep.OilandGas.Models\Beep.OilandGas.Models.csproj::TargetFramework=net10.0]
C:\Users\f_ald\source\repos\The-Tech-Idea\Beep.OilandGas\Beep.OilandGas.Models\Core\Interfaces\IWellComparisonService.cs(22,37): warning CS8625: Cannot convert null literal to non-nullable reference type. [C:\Users\f_ald\source\repos\The-Tech-Idea\Beep.OilandGas\Beep.OilandGas.Models\Beep.OilandGas.Models.csproj::TargetFramework=net10.0]
C:\Users\f_ald\source\repos\The-Tech-Idea\Beep.OilandGas\Beep.OilandGas.Models\Core\Interfaces\IWellComparisonService.cs(32,39): warning CS8625: Cannot convert null literal to non-nullable reference type. [C:\Users\f_ald\source\repos\The-Tech-Idea\Beep.OilandGas\Beep.OilandGas.Models\Beep.OilandGas.Models.csproj::TargetFramework=net10.0]
C:\Users\f_ald\source\repos\The-Tech-Idea\Beep.OilandGas\Beep.OilandGas.Models\Core\Interfaces\IDataManagementServices.cs(62,14): error CS0246: The type or namespace name 'ReconciliationResult' could not be found (are you missing a using directive or an assembly reference?) [C:\Users\f_ald\source\repos\The-Tech-Idea\Beep.OilandGas\Beep.OilandGas.Models\Beep.OilandGas.Models.csproj::TargetFramework=net10.0]
C:\Users\f_ald\source\repos\The-Tech-Idea\Beep.OilandGas\Beep.OilandGas.Models\Core\Interfaces\IAccountingService.cs(17,40): error CS0234: The type or namespace name 'SalesTransaction' does not exist in the namespace 'Beep.OilandGas.Models.Data.ProductionAccounting' (are you missing an assembly reference?) [C:\Users\f_ald\source\repos\The-Tech-Idea\Beep.OilandGas\Beep.OilandGas.Models\Beep.OilandGas.Models.csproj::TargetFramework=net10.0]
C:\Users\f_ald\source\repos\The-Tech-Idea\Beep.OilandGas\Beep.OilandGas.Models\Core\Interfaces\IAccountingService.cs(22,40): error CS0234: The type or namespace name 'SalesTransaction' does not exist in the namespace 'Beep.OilandGas.Models.Data.ProductionAccounting' (are you missing an assembly reference?) [C:\Users\f_ald\source\repos\The-Tech-Idea\Beep.OilandGas\Beep.OilandGas.Models\Beep.OilandGas.Models.csproj::TargetFramework=net10.0]
C:\Users\f_ald\source\repos\The-Tech-Idea\Beep.OilandGas\Beep.OilandGas.Models\Core\Interfaces\IAccountingService.cs(27,45): error CS0234: The type or namespace name 'SalesTransaction' does not exist in the namespace 'Beep.OilandGas.Models.Data.ProductionAccounting' (are you missing an assembly reference?) [C:\Users\f_ald\source\repos\The-Tech-Idea\Beep.OilandGas\Beep.OilandGas.Models\Beep.OilandGas.Models.csproj::TargetFramework=net10.0]
C:\Users\f_ald\source\repos\The-Tech-Idea\Beep.OilandGas\Beep.OilandGas.Models\Core\Interfaces\IAccountingService.cs(32,45): error CS0234: The type or namespace name 'SalesTransaction' does not exist in the namespace 'Beep.OilandGas.Models.Data.ProductionAccounting' (are you missing an assembly reference?) [C:\Users\f_ald\source\repos\The-Tech-Idea\Beep.OilandGas\Beep.OilandGas.Models\Beep.OilandGas.Models.csproj::TargetFramework=net10.0]
C:\Users\f_ald\source\repos\The-Tech-Idea\Beep.OilandGas\Beep.OilandGas.Models\Data\Accounting\Financial\CeilingTestRequest.cs(22,16): error CS0246: The type or namespace name 'ProvedReserves' could not be found (are you missing a using directive or an assembly reference?) [C:\Users\f_ald\source\repos\The-Tech-Idea\Beep.OilandGas\Beep.OilandGas.Models\Beep.OilandGas.Models.csproj::TargetFramework=net10.0]
C:\Users\f_ald\source\repos\The-Tech-Idea\Beep.OilandGas\Beep.OilandGas.Models\Data\Accounting\Financial\CeilingTestRequest.cs(33,16): error CS0246: The type or namespace name 'ProductionData' could not be found (are you missing a using directive or an assembly reference?) [C:\Users\f_ald\source\repos\The-Tech-Idea\Beep.OilandGas\Beep.OilandGas.Models\Beep.OilandGas.Models.csproj::TargetFramework=net10.0]
C:\Users\f_ald\source\repos\The-Tech-Idea\Beep.OilandGas\Beep.OilandGas.Models\Data\Accounting\Financial\CeilingTestRequest.cs(20,17): error CS0246: The type or namespace name 'ProvedReserves' could not be found (are you missing a using directive or an assembly reference?) [C:\Users\f_ald\source\repos\The-Tech-Idea\Beep.OilandGas\Beep.OilandGas.Models\Beep.OilandGas.Models.csproj::TargetFramework=net10.0]
C:\Users\f_ald\source\repos\The-Tech-Idea\Beep.OilandGas\Beep.OilandGas.Models\Data\Accounting\Financial\CeilingTestRequest.cs(31,17): error CS0246: The type or namespace name 'ProductionData' could not be found (are you missing a using directive or an assembly reference?) [C:\Users\f_ald\source\repos\The-Tech-Idea\Beep.OilandGas\Beep.OilandGas.Models\Beep.OilandGas.Models.csproj::TargetFramework=net10.0]
C:\Users\f_ald\source\repos\The-Tech-Idea\Beep.OilandGas\Beep.OilandGas.Models\Data\Process\PROCESS_STEP_DATA.cs(35,16): error CS0246: The type or namespace name 'ProductionForecast' could not be found (are you missing a using directive or an assembly reference?) [C:\Users\f_ald\source\repos\The-Tech-Idea\Beep.OilandGas\Beep.OilandGas.Models\Beep.OilandGas.Models.csproj::TargetFramework=net10.0]
C:\Users\f_ald\source\repos\The-Tech-Idea\Beep.OilandGas\Beep.OilandGas.Models\Data\Process\PROCESS_STEP_DATA.cs(44,16): error CS0246: The type or namespace name 'GenerateOperationalReportRequest' could not be found (are you missing a using directive or an assembly reference?) [C:\Users\f_ald\source\repos\The-Tech-Idea\Beep.OilandGas\Beep.OilandGas.Models\Beep.OilandGas.Models.csproj::TargetFramework=net10.0]
C:\Users\f_ald\source\repos\The-Tech-Idea\Beep.OilandGas\Beep.OilandGas.Models\Data\GasLift\GasLiftPotentialResult.cs(58,21): error CS0246: The type or namespace name 'GasLiftPerformancePoint' could not be found (are you missing a using directive or an assembly reference?) [C:\Users\f_ald\source\repos\The-Tech-Idea\Beep.OilandGas\Beep.OilandGas.Models\Beep.OilandGas.Models.csproj::TargetFramework=net10.0]
C:\Users\f_ald\source\repos\The-Tech-Idea\Beep.OilandGas\Beep.OilandGas.Models\Data\GasLift\GasLiftPotentialResult.cs(56,22): error CS0246: The type or namespace name 'GasLiftPerformancePoint' could not be found (are you missing a using directive or an assembly reference?) [C:\Users\f_ald\source\repos\The-Tech-Idea\Beep.OilandGas\Beep.OilandGas.Models\Beep.OilandGas.Models.csproj::TargetFramework=net10.0]
C:\Users\f_ald\source\repos\The-Tech-Idea\Beep.OilandGas\Beep.OilandGas.Models\Data\ProductionAccounting\FeeMineralLease.cs(7,36): error CS0246: The type or namespace name 'LeaseAgreement' could not be found (are you missing a using directive or an assembly reference?) [C:\Users\f_ald\source\repos\The-Tech-Idea\Beep.OilandGas\Beep.OilandGas.Models\Beep.OilandGas.Models.csproj::TargetFramework=net10.0]
C:\Users\f_ald\source\repos\The-Tech-Idea\Beep.OilandGas\Beep.OilandGas.Models\Data\ProductionAccounting\ImbalanceStatement.cs(60,16): error CS0246: The type or namespace name 'ImbalanceSummary' could not be found (are you missing a using directive or an assembly reference?) [C:\Users\f_ald\source\repos\The-Tech-Idea\Beep.OilandGas\Beep.OilandGas.Models\Beep.OilandGas.Models.csproj::TargetFramework=net10.0]
C:\Users\f_ald\source\repos\The-Tech-Idea\Beep.OilandGas\Beep.OilandGas.Models\Data\ProductionAccounting\ImbalanceStatement.cs(75,16): error CS0246: The type or namespace name 'ImbalanceSummary' could not be found (are you missing a using directive or an assembly reference?) [C:\Users\f_ald\source\repos\The-Tech-Idea\Beep.OilandGas\Beep.OilandGas.Models\Beep.OilandGas.Models.csproj::TargetFramework=net10.0]
C:\Users\f_ald\source\repos\The-Tech-Idea\Beep.OilandGas\Beep.OilandGas.Models\Data\ProductionAccounting\GovernmentLease.cs(7,36): error CS0246: The type or namespace name 'LeaseAgreement' could not be found (are you missing a using directive or an assembly reference?) [C:\Users\f_ald\source\repos\The-Tech-Idea\Beep.OilandGas\Beep.OilandGas.Models\Beep.OilandGas.Models.csproj::TargetFramework=net10.0]
C:\Users\f_ald\source\repos\The-Tech-Idea\Beep.OilandGas\Beep.OilandGas.Models\Data\ProductionAccounting\ImbalanceStatement.cs(58,17): error CS0246: The type or namespace name 'ImbalanceSummary' could not be found (are you missing a using directive or an assembly reference?) [C:\Users\f_ald\source\repos\The-Tech-Idea\Beep.OilandGas\Beep.OilandGas.Models\Beep.OilandGas.Models.csproj::TargetFramework=net10.0]
C:\Users\f_ald\source\repos\The-Tech-Idea\Beep.OilandGas\Beep.OilandGas.Models\Data\ProductionAccounting\ImbalanceStatement.cs(73,17): error CS0246: The type or namespace name 'ImbalanceSummary' could not be found (are you missing a using directive or an assembly reference?) [C:\Users\f_ald\source\repos\The-Tech-Idea\Beep.OilandGas\Beep.OilandGas.Models\Beep.OilandGas.Models.csproj::TargetFramework=net10.0]
C:\Users\f_ald\source\repos\The-Tech-Idea\Beep.OilandGas\Beep.OilandGas.Models\Data\ProductionAccounting\LeaseReport.cs(111,21): error CS0246: The type or namespace name 'SalesTransaction' could not be found (are you missing a using directive or an assembly reference?) [C:\Users\f_ald\source\repos\The-Tech-Idea\Beep.OilandGas\Beep.OilandGas.Models\Beep.OilandGas.Models.csproj::TargetFramework=net10.0]
C:\Users\f_ald\source\repos\The-Tech-Idea\Beep.OilandGas\Beep.OilandGas.Models\Data\ProductionAccounting\LeaseReport.cs(109,22): error CS0246: The type or namespace name 'SalesTransaction' could not be found (are you missing a using directive or an assembly reference?) [C:\Users\f_ald\source\repos\The-Tech-Idea\Beep.OilandGas\Beep.OilandGas.Models\Beep.OilandGas.Models.csproj::TargetFramework=net10.0]
C:\Users\f_ald\source\repos\The-Tech-Idea\Beep.OilandGas\Beep.OilandGas.Models\Data\ProductionAccounting\NetProfitLease.cs(7,35): error CS0246: The type or namespace name 'LeaseAgreement' could not be found (are you missing a using directive or an assembly reference?) [C:\Users\f_ald\source\repos\The-Tech-Idea\Beep.OilandGas\Beep.OilandGas.Models\Beep.OilandGas.Models.csproj::TargetFramework=net10.0]
C:\Users\f_ald\source\repos\The-Tech-Idea\Beep.OilandGas\Beep.OilandGas.Models\Data\ProductionAccounting\JointInterestLease.cs(7,39): error CS0246: The type or namespace name 'LeaseAgreement' could not be found (are you missing a using directive or an assembly reference?) [C:\Users\f_ald\source\repos\The-Tech-Idea\Beep.OilandGas\Beep.OilandGas.Models\Beep.OilandGas.Models.csproj::TargetFramework=net10.0]
C:\Users\f_ald\source\repos\The-Tech-Idea\Beep.OilandGas\Beep.OilandGas.Models\Data\ProductionAccounting\ProvedProperty.cs(88,16): error CS0246: The type or namespace name 'ProvedReserves' could not be found (are you missing a using directive or an assembly reference?) [C:\Users\f_ald\source\repos\The-Tech-Idea\Beep.OilandGas\Beep.OilandGas.Models\Beep.OilandGas.Models.csproj::TargetFramework=net10.0]
C:\Users\f_ald\source\repos\The-Tech-Idea\Beep.OilandGas\Beep.OilandGas.Models\Data\ProductionAccounting\ProvedProperty.cs(86,17): error CS0246: The type or namespace name 'ProvedReserves' could not be found (are you missing a using directive or an assembly reference?) [C:\Users\f_ald\source\repos\The-Tech-Idea\Beep.OilandGas\Beep.OilandGas.Models\Beep.OilandGas.Models.csproj::TargetFramework=net10.0]
C:\Users\f_ald\source\repos\The-Tech-Idea\Beep.OilandGas\Beep.OilandGas.Models\Data\ProductionAccounting\OperationalReport.cs(111,21): error CS0246: The type or namespace name 'SalesTransaction' could not be found (are you missing a using directive or an assembly reference?) [C:\Users\f_ald\source\repos\The-Tech-Idea\Beep.OilandGas\Beep.OilandGas.Models\Beep.OilandGas.Models.csproj::TargetFramework=net10.0]
C:\Users\f_ald\source\repos\The-Tech-Idea\Beep.OilandGas\Beep.OilandGas.Models\Data\ProductionAccounting\OperationalReport.cs(109,22): error CS0246: The type or namespace name 'SalesTransaction' could not be found (are you missing a using directive or an assembly reference?) [C:\Users\f_ald\source\repos\The-Tech-Idea\Beep.OilandGas\Beep.OilandGas.Models\Beep.OilandGas.Models.csproj::TargetFramework=net10.0]
    42 Warning(s)
    27 Error(s)

Time Elapsed 00:00:03.31
