C:\Users\f_ald\source\repos\The-Tech-Idea\Beep.OilandGas\Beep.OilandGas.Models\Core\Interfaces\IAccountReconciliationService.cs(42,14): error CS0246: The type or namespace name 'BankReconciliation' could not be found (are you missing a using directive or an assembly reference?) [C:\Users\f_ald\source\repos\The-Tech-Idea\Beep.OilandGas\Beep.OilandGas.Models\Beep.OilandGas.Models.csproj::TargetFramework=net10.0]
C:\Users\f_ald\source\repos\The-Tech-Idea\Beep.OilandGas\Beep.OilandGas.Models\Core\Interfaces\IAccountReconciliationService.cs(61,14): error CS0246: The type or namespace name 'AgingAnalysis' could not be found (are you missing a using directive or an assembly reference?) [C:\Users\f_ald\source\repos\The-Tech-Idea\Beep.OilandGas\Beep.OilandGas.Models\Beep.OilandGas.Models.csproj::TargetFramework=net10.0]
C:\Users\f_ald\source\repos\The-Tech-Idea\Beep.OilandGas\Beep.OilandGas.Models\Core\Interfaces\IAccountReconciliationService.cs(70,19): error CS0246: The type or namespace name 'ReconciliationHistory' could not be found (are you missing a using directive or an assembly reference?) [C:\Users\f_ald\source\repos\The-Tech-Idea\Beep.OilandGas\Beep.OilandGas.Models\Beep.OilandGas.Models.csproj::TargetFramework=net10.0]
C:\Users\f_ald\source\repos\The-Tech-Idea\Beep.OilandGas\Beep.OilandGas.Models\Core\Interfaces\IGasPropertiesService.cs(48,65): error CS0234: The type or namespace name 'GasComposition' does not exist in the namespace 'Beep.OilandGas.Models.Data' (are you missing an assembly reference?) [C:\Users\f_ald\source\repos\The-Tech-Idea\Beep.OilandGas\Beep.OilandGas.Models\Beep.OilandGas.Models.csproj::TargetFramework=net10.0]
C:\Users\f_ald\source\repos\The-Tech-Idea\Beep.OilandGas\Beep.OilandGas.Models\Core\Interfaces\IGasPropertiesService.cs(55,41): error CS0234: The type or namespace name 'GasComposition' does not exist in the namespace 'Beep.OilandGas.Models.Data' (are you missing an assembly reference?) [C:\Users\f_ald\source\repos\The-Tech-Idea\Beep.OilandGas\Beep.OilandGas.Models\Beep.OilandGas.Models.csproj::TargetFramework=net10.0]
C:\Users\f_ald\source\repos\The-Tech-Idea\Beep.OilandGas\Beep.OilandGas.Models\Data\Accounting\ReconciliationServiceModels.cs(92,16): error CS0246: The type or namespace name 'ReconciliationVarianceType' could not be found (are you missing a using directive or an assembly reference?) [C:\Users\f_ald\source\repos\The-Tech-Idea\Beep.OilandGas\Beep.OilandGas.Models\Beep.OilandGas.Models.csproj::TargetFramework=net10.0]
C:\Users\f_ald\source\repos\The-Tech-Idea\Beep.OilandGas\Beep.OilandGas.Models\Data\Accounting\ReconciliationServiceModels.cs(90,17): error CS0246: The type or namespace name 'ReconciliationVarianceType' could not be found (are you missing a using directive or an assembly reference?) [C:\Users\f_ald\source\repos\The-Tech-Idea\Beep.OilandGas\Beep.OilandGas.Models\Beep.OilandGas.Models.csproj::TargetFramework=net10.0]
C:\Users\f_ald\source\repos\The-Tech-Idea\Beep.OilandGas\Beep.OilandGas.Models\Data\General\ReconciliationVariance.cs(90,16): error CS0246: The type or namespace name 'ReconciliationVarianceType' could not be found (are you missing a using directive or an assembly reference?) [C:\Users\f_ald\source\repos\The-Tech-Idea\Beep.OilandGas\Beep.OilandGas.Models\Beep.OilandGas.Models.csproj::TargetFramework=net10.0]
C:\Users\f_ald\source\repos\The-Tech-Idea\Beep.OilandGas\Beep.OilandGas.Models\Data\General\ReconciliationVariance.cs(88,17): error CS0246: The type or namespace name 'ReconciliationVarianceType' could not be found (are you missing a using directive or an assembly reference?) [C:\Users\f_ald\source\repos\The-Tech-Idea\Beep.OilandGas\Beep.OilandGas.Models\Beep.OilandGas.Models.csproj::TargetFramework=net10.0]
C:\Users\f_ald\source\repos\The-Tech-Idea\Beep.OilandGas\Beep.OilandGas.Models\Data\ProductionAccounting\OwnershipModels.cs(267,16): error CS0246: The type or namespace name 'Address' could not be found (are you missing a using directive or an assembly reference?) [C:\Users\f_ald\source\repos\The-Tech-Idea\Beep.OilandGas\Beep.OilandGas.Models\Beep.OilandGas.Models.csproj::TargetFramework=net10.0]
C:\Users\f_ald\source\repos\The-Tech-Idea\Beep.OilandGas\Beep.OilandGas.Models\Data\ProductionAccounting\OwnershipModels.cs(265,17): error CS0246: The type or namespace name 'Address' could not be found (are you missing a using directive or an assembly reference?) [C:\Users\f_ald\source\repos\The-Tech-Idea\Beep.OilandGas\Beep.OilandGas.Models\Beep.OilandGas.Models.csproj::TargetFramework=net10.0]

Build FAILED.
    34 Warning(s)
    11 Error(s)

Time Elapsed 00:00:05.70
