ll reference assignment.
  Beep.OilandGas.GasProperties net10.0 failed with 2 error(s) (0.7s)
    C:\Users\f_ald\source\repos\The-Tech-Idea\Beep.OilandGas\Beep.OilandGas.GasProperties\Services\GasPropertiesService.cs(28,26): error CS0246: The type or namespace name 'IPPDM39DefaultsRepository' could not be found (are you missing a using directive or an assembly reference?)
    C:\Users\f_ald\source\repos\The-Tech-Idea\Beep.OilandGas\Beep.OilandGas.GasProperties\Services\GasPropertiesService.cs(37,13): error CS0246: The type or namespace name 'IPPDM39DefaultsRepository' could not be found (are you missing a using directive or an assembly reference?)
  Beep.OilandGas.PermitsAndApplications net10.0 failed with 10 error(s) (1.6s)
    C:\Users\f_ald\source\repos\The-Tech-Idea\Beep.OilandGas\Beep.OilandGas.PermitsAndApplications\Modules\PermitsModule.cs(20,41): error CS0246: The type or namespace name 'ModuleSetupBase' could not be found (are you missing a using directive or an assembly reference?)
    C:\Users\f_ald\source\repos\The-Tech-Idea\Beep.OilandGas\Beep.OilandGas.PermitsAndApplications\Services\PermitApplicationLifecycleService.cs(29,13): error CS0246: The type or namespace name 'IPPDM39DefaultsRepository' could not be found (are you missing a using directive or an assembly reference?)
    C:\Users\f_ald\source\repos\The-Tech-Idea\Beep.OilandGas\Beep.OilandGas.PermitsAndApplications\Services\PermitAttachmentService.cs(27,13): error CS0246: The type or namespace name 'IPPDM39DefaultsRepository' could not be found (are you missing a using directive or an assembly reference?)
    C:\Users\f_ald\source\repos\The-Tech-Idea\Beep.OilandGas\Beep.OilandGas.PermitsAndApplications\Services\PermitComplianceReportService.cs(27,13): error CS0246: The type or namespace name 'IPPDM39DefaultsRepository' could not be found (are you missing a using directive or an assembly reference?)
    C:\Users\f_ald\source\repos\The-Tech-Idea\Beep.OilandGas\Beep.OilandGas.PermitsAndApplications\Services\PermitsServiceBase.cs(38,30): error CS0246: The type or namespace name 'PPDMGenericRepository' could not be found (are you missing a using directive or an assembly reference?)
    C:\Users\f_ald\source\repos\The-Tech-Idea\Beep.OilandGas\Beep.OilandGas.PermitsAndApplications\Services\PermitStatusHistoryService.cs(28,13): error CS0246: The type or namespace name 'IPPDM39DefaultsRepository' could not be found (are you missing a using directive or an assembly reference?)
    C:\Users\f_ald\source\repos\The-Tech-Idea\Beep.OilandGas\Beep.OilandGas.PermitsAndApplications\Services\PermitApplicationWorkflowService.cs(33,13): error CS0246: The type or namespace name 'IPPDM39DefaultsRepository' could not be found (are you missing a using directive or an assembly reference?)
    C:\Users\f_ald\source\repos\The-Tech-Idea\Beep.OilandGas\Beep.OilandGas.PermitsAndApplications\Services\PermitsServiceBase.cs(17,28): error CS0246: The type or namespace name 'IPPDM39DefaultsRepository' could not be found (are you missing a using directive or an assembly reference?)
    C:\Users\f_ald\source\repos\The-Tech-Idea\Beep.OilandGas\Beep.OilandGas.PermitsAndApplications\Services\PermitComplianceCheckService.cs(27,13): error CS0246: The type or namespace name 'IPPDM39DefaultsRepository' could not be found (are you missing a using directive or an assembly reference?)
    C:\Users\f_ald\source\repos\The-Tech-Idea\Beep.OilandGas\Beep.OilandGas.PermitsAndApplications\Services\PermitsServiceBase.cs(25,13): error CS0246: The type or namespace name 'IPPDM39DefaultsRepository' could not be found (are you missing a using directive or an assembly reference?)
  Beep.OilandGas.LeaseAcquisition net10.0 failed with 6 error(s) (0.9s)
    C:\Users\f_ald\source\repos\The-Tech-Idea\Beep.OilandGas\Beep.OilandGas.LeaseAcquisition\Modules\LeaseAcquisitionModule.cs(21,50): error CS0246: The type or namespace name 'ModuleSetupBase' could not be found (are you missing a using directive or an assembly reference?)
    C:\Users\f_ald\source\repos\The-Tech-Idea\Beep.OilandGas\Beep.OilandGas.LeaseAcquisition\Services\LeaseAcquisitionService.ModelsCoreImpl.cs(194,17): error CS0246: The type or namespace name 'PPDMGenericRepository' could not be found (are you missing a using directive or an assembly reference?)
    C:\Users\f_ald\source\repos\The-Tech-Idea\Beep.OilandGas\Beep.OilandGas.LeaseAcquisition\Services\LeaseAcquisitionService.ModelsCoreImpl.cs(199,17): error CS0246: The type or namespace name 'PPDMGenericRepository' could not be found (are you missing a using directive or an assembly reference?)
    C:\Users\f_ald\source\repos\The-Tech-Idea\Beep.OilandGas\Beep.OilandGas.LeaseAcquisition\Services\LeaseAcquisitionService.ModelsCoreImpl.cs(204,17): error CS0246: The type or namespace name 'PPDMGenericRepository' could not be found (are you missing a using directive or an assembly reference?)
    C:\Users\f_ald\source\repos\The-Tech-Idea\Beep.OilandGas\Beep.OilandGas.LeaseAcquisition\Services\LeaseAcquisitionService.cs(21,26): error CS0246: The type or namespace name 'IPPDM39DefaultsRepository' could not be found (are you missing a using directive or an assembly reference?)
    C:\Users\f_ald\source\repos\The-Tech-Idea\Beep.OilandGas\Beep.OilandGas.LeaseAcquisition\Services\LeaseAcquisitionService.cs(32,13): error CS0246: The type or namespace name 'IPPDM39DefaultsRepository' could not be found (are you missing a using directive or an assembly reference?)
  Beep.OilandGas.EconomicAnalysis net10.0 failed with 3 error(s) and 1 warning(s) (0.8s)
    C:\Users\f_ald\source\repos\The-Tech-Idea\Beep.OilandGas\Beep.OilandGas.EconomicAnalysis\Modules\EconomicsModule.cs(21,43): error CS0246: The type or namespace name 'ModuleSetupBase' could not be found (are you missing a using directive or an assembly reference?)
    C:\Users\f_ald\source\repos\The-Tech-Idea\Beep.OilandGas\Beep.OilandGas.EconomicAnalysis\Rendering\EconomicRenderer.cs(37,79): warning CS8625: Cannot convert null literal to non-nullable reference type.
    C:\Users\f_ald\source\repos\The-Tech-Idea\Beep.OilandGas\Beep.OilandGas.EconomicAnalysis\Services\EconomicAnalysisService.cs(28,26): error CS0246: The type or namespace name 'IPPDM39DefaultsRepository' could not be found (are you missing a using directive or an assembly reference?)
    C:\Users\f_ald\source\repos\The-Tech-Idea\Beep.OilandGas\Beep.OilandGas.EconomicAnalysis\Services\EconomicAnalysisService.cs(38,13): error CS0246: The type or namespace name 'IPPDM39DefaultsRepository' could not be found (are you missing a using directive or an assembly reference?)
  Beep.OilandGas.OilProperties net10.0 failed with 2 error(s) (0.9s)
    C:\Users\f_ald\source\repos\The-Tech-Idea\Beep.OilandGas\Beep.OilandGas.OilProperties\Services\OilPropertiesService.cs(30,26): error CS0246: The type or namespace name 'IPPDM39DefaultsRepository' could not be found (are you missing a using directive or an assembly reference?)
    C:\Users\f_ald\source\repos\The-Tech-Idea\Beep.OilandGas\Beep.OilandGas.OilProperties\Services\OilPropertiesService.cs(39,13): error CS0246: The type or namespace name 'IPPDM39DefaultsRepository' could not be found (are you missing a using directive or an assembly reference?)
  Beep.OilandGas.Decommissioning net10.0 failed with 3 error(s) (0.6s)
    C:\Users\f_ald\source\repos\The-Tech-Idea\Beep.OilandGas\Beep.OilandGas.Decommissioning\Modules\DecommissioningModule.cs(18,49): error CS0246: The type or namespace name 'ModuleSetupBase' could not be found (are you missing a using directive or an assembly reference?)
    C:\Users\f_ald\source\repos\The-Tech-Idea\Beep.OilandGas\Beep.OilandGas.Decommissioning\Services\FieldDecommissioningService.cs(34,26): error CS0246: The type or namespace name 'IPPDM39DefaultsRepository' could not be found (are you missing a using directive or an assembly reference?)
    C:\Users\f_ald\source\repos\The-Tech-Idea\Beep.OilandGas\Beep.OilandGas.Decommissioning\Services\FieldDecommissioningService.cs(43,13): error CS0246: The type or namespace name 'IPPDM39DefaultsRepository' could not be found (are you missing a using directive or an assembly reference?)
  Beep.OilandGas.HeatMap net10.0 failed with 2 error(s) and 5 warning(s) (1.5s)
    C:\Users\f_ald\source\repos\The-Tech-Idea\Beep.OilandGas\Beep.OilandGas.HeatMap\Realtime\RealtimeDataManager.cs(57,82): warning CS8625: Cannot convert null literal to non-nullable reference type.
    C:\Users\f_ald\source\repos\The-Tech-Idea\Beep.OilandGas\Beep.OilandGas.HeatMap\Services\HeatMapService.cs(29,26): error CS0246: The type or namespace name 'IPPDM39DefaultsRepository' could not be found (are you missing a using directive or an assembly reference?)
    C:\Users\f_ald\source\repos\The-Tech-Idea\Beep.OilandGas\Beep.OilandGas.HeatMap\Services\HeatMapService.cs(38,13): error CS0246: The type or namespace name 'IPPDM39DefaultsRepository' could not be found (are you missing a using directive or an assembly reference?)
    C:\Users\f_ald\source\repos\The-Tech-Idea\Beep.OilandGas\Beep.OilandGas.HeatMap\Rendering\HeatMapRenderer.cs(79,123): warning CS8625: Cannot convert null literal to non-nullable reference type.
    C:\Users\f_ald\source\repos\The-Tech-Idea\Beep.OilandGas\Beep.OilandGas.HeatMap\Rendering\HeatMapRenderer.cs(1172,103): warning CS8625: Cannot convert null literal to non-nullable reference type.
    C:\Users\f_ald\source\repos\The-Tech-Idea\Beep.OilandGas\Beep.OilandGas.HeatMap\Rendering\HeatMapRenderer.cs(1284,93): warning CS8625: Cannot convert null literal to non-nullable reference type.
    C:\Users\f_ald\source\repos\The-Tech-Idea\Beep.OilandGas\Beep.OilandGas.HeatMap\Rendering\HeatMapRenderer.cs(1892,64): warning CS8625: Cannot convert null literal to non-nullable reference type.
  Beep.OilandGas.DrillingAndConstruction net10.0 failed with 7 error(s) (0.3s)
    C:\Users\f_ald\source\repos\The-Tech-Idea\Beep.OilandGas\Beep.OilandGas.DrillingAndConstruction\Modules\DrillingAndConstructionSetupModule.cs(17,62): error CS0246: The type or namespace name 'ModuleSetupBase' could not be found (are you missing a using directive or an assembly reference?)
    C:\Users\f_ald\source\repos\The-Tech-Idea\Beep.OilandGas\Beep.OilandGas.DrillingAndConstruction\Services\DrillingOperationService.cs(50,28): error CS0246: The type or namespace name 'PPDMGenericRepository' could not be found (are you missing a using directive or an assembly reference?)
    C:\Users\f_ald\source\repos\The-Tech-Idea\Beep.OilandGas\Beep.OilandGas.DrillingAndConstruction\Services\DrillingOperationService.cs(67,28): error CS0246: The type or namespace name 'PPDMGenericRepository' could not be found (are you missing a using directive or an assembly reference?)
    C:\Users\f_ald\source\repos\The-Tech-Idea\Beep.OilandGas\Beep.OilandGas.DrillingAndConstruction\Services\DrillingOperationService.cs(23,26): error CS0246: The type or namespace name 'IPPDM39DefaultsRepository' could not be found (are you missing a using directive or an assembly reference?)
    C:\Users\f_ald\source\repos\The-Tech-Idea\Beep.OilandGas\Beep.OilandGas.DrillingAndConstruction\Services\DrillingOperationService.cs(29,17): error CS0246: The type or namespace name 'PPDMGenericRepository' could not be found (are you missing a using directive or an assembly reference?)
    C:\Users\f_ald\source\repos\The-Tech-Idea\Beep.OilandGas\Beep.OilandGas.DrillingAndConstruction\Services\DrillingOperationService.cs(30,17): error CS0246: The type or namespace name 'PPDMGenericRepository' could not be found (are you missing a using directive or an assembly reference?)
    C:\Users\f_ald\source\repos\The-Tech-Idea\Beep.OilandGas\Beep.OilandGas.DrillingAndConstruction\Services\DrillingOperationService.cs(35,13): error CS0246: The type or namespace name 'IPPDM39DefaultsRepository' could not be found (are you missing a using directive or an assembly reference?)
  Beep.OilandGas.Accounting net10.0 failed with 200 error(s) (0.6s)
    C:\Users\f_ald\source\repos\The-Tech-Idea\Beep.OilandGas\Beep.OilandGas.Accounting\Services\AnomalyDetectionService.cs(29,28): error CS0246: The type or namespace name 'PPDMGenericRepository' could not be found (are you missing a using directive or an assembly reference?)
    C:\Users\f_ald\source\repos\The-Tech-Idea\Beep.OilandGas\Beep.OilandGas.Accounting\Services\AuditService.cs(36,28): error CS0246: The type or namespace name 'PPDMGenericRepository' could not be found (are you missing a using directive or an assembly reference?)
    C:\Users\f_ald\source\repos\The-Tech-Idea\Beep.OilandGas\Beep.OilandGas.Accounting\Services\AccountingPolicyService.cs(131,28): error CS0246: The type or namespace name 'PPDMGenericRepository' could not be found (are you missing a using directive or an assembly reference?)
    C:\Users\f_ald\source\repos\The-Tech-Idea\Beep.OilandGas\Beep.OilandGas.Accounting\Services\AuditService.cs(17,26): error CS0246: The type or namespace name 'IPPDM39DefaultsRepository' could not be found (are you missing a using directive or an assembly reference?)
    C:\Users\f_ald\source\repos\The-Tech-Idea\Beep.OilandGas\Beep.OilandGas.Accounting\Services\AuditService.cs(25,13): error CS0246: The type or namespace name 'IPPDM39DefaultsRepository' could not be found (are you missing a using directive or an assembly reference?)
    C:\Users\f_ald\source\repos\The-Tech-Idea\Beep.OilandGas\Beep.OilandGas.Accounting\Services\BankReconciliationService.cs(372,28): error CS0246: The type or namespace name 'PPDMGenericRepository' could not be found (are you missing a using directive or an assembly reference?)
    C:\Users\f_ald\source\repos\The-Tech-Idea\Beep.OilandGas\Beep.OilandGas.Accounting\Services\BankReconciliationService.cs(25,26): error CS0246: The type or namespace name 'IPPDM39DefaultsRepository' could not be found (are you missing a using directive or an assembly reference?)
    C:\Users\f_ald\source\repos\The-Tech-Idea\Beep.OilandGas\Beep.OilandGas.Accounting\Services\BankReconciliationService.cs(34,13): error CS0246: The type or namespace name 'IPPDM39DefaultsRepository' could not be found (are you missing a using directive or an assembly reference?)
    C:\Users\f_ald\source\repos\The-Tech-Idea\Beep.OilandGas\Beep.OilandGas.Accounting\Services\EmployeeBenefitsService.cs(153,28): error CS0246: The type or namespace name 'PPDMGenericRepository' could not be found (are you missing a using directive or an assembly reference?)
    C:\Users\f_ald\source\repos\The-Tech-Idea\Beep.OilandGas\Beep.OilandGas.Accounting\Services\FinancialFactTableService.cs(29,28): error CS0246: The type or namespace name 'PPDMGenericRepository' could not be found (are you missing a using directive or an assembly reference?)
    C:\Users\f_ald\source\repos\The-Tech-Idea\Beep.OilandGas\Beep.OilandGas.Accounting\Services\EmployeeBenefitsService.cs(21,26): error CS0246: The type or namespace name 'IPPDM39DefaultsRepository' could not be found (are you missing a using directive or an assembly reference?)
    C:\Users\f_ald\source\repos\The-Tech-Idea\Beep.OilandGas\Beep.OilandGas.Accounting\Services\BorrowingCostService.cs(122,28): error CS0246: The type or namespace name 'PPDMGenericRepository' could not be found (are you missing a using directive or an assembly reference?)
    C:\Users\f_ald\source\repos\The-Tech-Idea\Beep.OilandGas\Beep.OilandGas.Accounting\Services\FirstTimeAdoptionService.cs(118,28): error CS0246: The type or namespace name 'PPDMGenericRepository' could not be found (are you missing a using directive or an assembly reference?)
    C:\Users\f_ald\source\repos\The-Tech-Idea\Beep.OilandGas\Beep.OilandGas.Accounting\Services\FinancialFactTableService.cs(17,26): error CS0246: The type or namespace name 'IPPDM39DefaultsRepository' could not be found (are you missing a using directive or an assembly reference?)
    C:\Users\f_ald\source\repos\The-Tech-Idea\Beep.OilandGas\Beep.OilandGas.Accounting\Services\EmployeeBenefitsService.cs(31,13): error CS0246: The type or namespace name 'IPPDM39DefaultsRepository' could not be found (are you missing a using directive or an assembly reference?)
    C:\Users\f_ald\source\repos\The-Tech-Idea\Beep.OilandGas\Beep.OilandGas.Accounting\Services\InterimReportingService.cs(112,28): error CS0246: The type or namespace name 'PPDMGenericRepository' could not be found (are you missing a using directive or an assembly reference?)
    C:\Users\f_ald\source\repos\The-Tech-Idea\Beep.OilandGas\Beep.OilandGas.Accounting\Services\BorrowingCostService.cs(21,26): error CS0246: The type or namespace name 'IPPDM39DefaultsRepository' could not be found (are you missing a using directive or an assembly reference?)
    C:\Users\f_ald\source\repos\The-Tech-Idea\Beep.OilandGas\Beep.OilandGas.Accounting\Services\FirstTimeAdoptionService.cs(21,26): error CS0246: The type or namespace name 'IPPDM39DefaultsRepository' could not be found (are you missing a using directive or an assembly reference?)
    C:\Users\f_ald\source\repos\The-Tech-Idea\Beep.OilandGas\Beep.OilandGas.Accounting\Services\GLAccountService.cs(416,28): error CS0246: The type or namespace name 'PPDMGenericRepository' could not be found (are you missing a using directive or an assembly reference?)
    C:\Users\f_ald\source\repos\The-Tech-Idea\Beep.OilandGas\Beep.OilandGas.Accounting\Services\FinancialFactTableService.cs(21,103): error CS0246: The type or namespace name 'IPPDM39DefaultsRepository' could not be found (are you missing a using directive or an assembly reference?)
    C:\Users\f_ald\source\repos\The-Tech-Idea\Beep.OilandGas\Beep.OilandGas.Accounting\Services\InterimReportingService.cs(20,26): error CS0246: The type or namespace name 'IPPDM39DefaultsRepository' could not be found (are you missing a using directive or an assembly reference?)
    C:\Users\f_ald\source\repos\The-Tech-Idea\Beep.OilandGas\Beep.OilandGas.Accounting\Services\BorrowingCostService.cs(31,13): error CS0246: The type or namespace name 'IPPDM39DefaultsRepository' could not be found (are you missing a using directive or an assembly reference?)
    C:\Users\f_ald\source\repos\The-Tech-Idea\Beep.OilandGas\Beep.OilandGas.Accounting\Services\GLAccountService.cs(19,26): error CS0246: The type or namespace name 'IPPDM39DefaultsRepository' could not be found (are you missing a using directive or an assembly reference?)
    C:\Users\f_ald\source\repos\The-Tech-Idea\Beep.OilandGas\Beep.OilandGas.Accounting\Services\FirstTimeAdoptionService.cs(31,13): error CS0246: The type or namespace name 'IPPDM39DefaultsRepository' could not be found (are you missing a using directive or an assembly reference?)
    C:\Users\f_ald\source\repos\The-Tech-Idea\Beep.OilandGas\Beep.OilandGas.Accounting\Services\JournalEntryService.cs(626,28): error CS0246: The type or namespace name 'PPDMGenericRepository' could not be found (are you missing a using directive or an assembly reference?)
    C:\Users\f_ald\source\repos\The-Tech-Idea\Beep.OilandGas\Beep.OilandGas.Accounting\Services\EquityMethodInvestmentService.cs(238,28): error CS0246: The type or namespace name 'PPDMGenericRepository' could not be found (are you missing a using directive or an assembly reference?)
    C:\Users\f_ald\source\repos\The-Tech-Idea\Beep.OilandGas\Beep.OilandGas.Accounting\Services\InterimReportingService.cs(29,13): error CS0246: The type or namespace name 'IPPDM39DefaultsRepository' could not be found (are you missing a using directive or an assembly reference?)
    C:\Users\f_ald\source\repos\The-Tech-Idea\Beep.OilandGas\Beep.OilandGas.Accounting\Services\ProvisionService.cs(238,28): error CS0246: The type or namespace name 'PPDMGenericRepository' could not be found (are you missing a using directive or an assembly reference?)
    C:\Users\f_ald\source\repos\The-Tech-Idea\Beep.OilandGas\Beep.OilandGas.Accounting\Services\GLAccountService.cs(27,13): error CS0246: The type or namespace name 'IPPDM39DefaultsRepository' could not be found (are you missing a using directive or an assembly reference?)
    C:\Users\f_ald\source\repos\The-Tech-Idea\Beep.OilandGas\Beep.OilandGas.Accounting\Services\JournalEntryService.cs(24,26): error CS0246: The type or namespace name 'IPPDM39DefaultsRepository' could not be found (are you missing a using directive or an assembly reference?)
    C:\Users\f_ald\source\repos\The-Tech-Idea\Beep.OilandGas\Beep.OilandGas.Accounting\Services\EquityMethodInvestmentService.cs(21,26): error CS0246: The type or namespace name 'IPPDM39DefaultsRepository' could not be found (are you missing a using directive or an assembly reference?)
    C:\Users\f_ald\source\repos\The-Tech-Idea\Beep.OilandGas\Beep.OilandGas.Accounting\Services\ProvisionService.cs(21,26): error CS0246: The type or namespace name 'IPPDM39DefaultsRepository' could not be found (are you missing a using directive or an assembly reference?)
    C:\Users\f_ald\source\repos\The-Tech-Idea\Beep.OilandGas\Beep.OilandGas.Accounting\Services\FinancialInstrumentDisclosureService.cs(81,28): error CS0246: The type or namespace name 'PPDMGenericRepository' could not be found (are you missing a using directive or an assembly reference?)
    C:\Users\f_ald\source\repos\The-Tech-Idea\Beep.OilandGas\Beep.OilandGas.Accounting\Services\JournalEntryService.cs(36,13): error CS0246: The type or namespace name 'IPPDM39DefaultsRepository' could not be found (are you missing a using directive or an assembly reference?)
    C:\Users\f_ald\source\repos\The-Tech-Idea\Beep.OilandGas\Beep.OilandGas.Accounting\Services\FixedAssetLifecycleService.cs(408,28): error CS0246: The type or namespace name 'PPDMGenericRepository' could not be found (are you missing a using directive or an assembly reference?)
    C:\Users\f_ald\source\repos\The-Tech-Idea\Beep.OilandGas\Beep.OilandGas.Accounting\Services\EquityMethodInvestmentService.cs(31,13): error CS0246: The type or namespace name 'IPPDM39DefaultsRepository' could not be found (are you missing a using directive or an assembly reference?)
    C:\Users\f_ald\source\repos\The-Tech-Idea\Beep.OilandGas\Beep.OilandGas.Accounting\Services\FinancialInstrumentDisclosureService.cs(20,26): error CS0246: The type or namespace name 'IPPDM39DefaultsRepository' could not be found (are you missing a using directive or an assembly reference?)
    C:\Users\f_ald\source\repos\The-Tech-Idea\Beep.OilandGas\Beep.OilandGas.Accounting\Services\ProvisionService.cs(31,13): error CS0246: The type or namespace name 'IPPDM39DefaultsRepository' could not be found (are you missing a using directive or an assembly reference?)
    C:\Users\f_ald\source\repos\The-Tech-Idea\Beep.OilandGas\Beep.OilandGas.Accounting\Services\BudgetService.cs(24,26): error CS0246: The type or namespace name 'IPPDM39DefaultsRepository' could not be found (are you missing a using directive or an assembly reference?)
    C:\Users\f_ald\source\repos\The-Tech-Idea\Beep.OilandGas\Beep.OilandGas.Accounting\Services\RelatedPartyDisclosureService.cs(163,28): error CS0246: The type or namespace name 'PPDMGenericRepository' could not be found (are you missing a using directive or an assembly reference?)
    C:\Users\f_ald\source\repos\The-Tech-Idea\Beep.OilandGas\Beep.OilandGas.Accounting\Services\InventoryLcmService.cs(242,28): error CS0246: The type or namespace name 'PPDMGenericRepository' could not be found (are you missing a using directive or an assembly reference?)
    C:\Users\f_ald\source\repos\The-Tech-Idea\Beep.OilandGas\Beep.OilandGas.Accounting\Services\FixedAssetLifecycleService.cs(23,26): error CS0246: The type or namespace name 'IPPDM39DefaultsRepository' could not be found (are you missing a using directive or an assembly reference?)
    C:\Users\f_ald\source\repos\The-Tech-Idea\Beep.OilandGas\Beep.OilandGas.Accounting\Services\GovernmentGrantService.cs(209,28): error CS0246: The type or namespace name 'PPDMGenericRepository' could not be found (are you missing a using directive or an assembly reference?)
    C:\Users\f_ald\source\repos\The-Tech-Idea\Beep.OilandGas\Beep.OilandGas.Accounting\Services\FinancialInstrumentDisclosureService.cs(28,13): error CS0246: The type or namespace name 'IPPDM39DefaultsRepository' could not be found (are you missing a using directive or an assembly reference?)
    C:\Users\f_ald\source\repos\The-Tech-Idea\Beep.OilandGas\Beep.OilandGas.Accounting\Services\BudgetService.cs(33,13): error CS0246: The type or namespace name 'IPPDM39DefaultsRepository' could not be found (are you missing a using directive or an assembly reference?)
    C:\Users\f_ald\source\repos\The-Tech-Idea\Beep.OilandGas\Beep.OilandGas.Accounting\Services\RelatedPartyDisclosureService.cs(22,26): error CS0246: The type or namespace name 'IPPDM39DefaultsRepository' could not be found (are you missing a using directive or an assembly reference?)
    C:\Users\f_ald\source\repos\The-Tech-Idea\Beep.OilandGas\Beep.OilandGas.Accounting\Services\InventoryLcmService.cs(24,26): error CS0246: The type or namespace name 'IPPDM39DefaultsRepository' could not be found (are you missing a using directive or an assembly reference?)
    C:\Users\f_ald\source\repos\The-Tech-Idea\Beep.OilandGas\Beep.OilandGas.Accounting\Services\ErrorCorrectionService.cs(112,28): error CS0246: The type or namespace name 'PPDMGenericRepository' could not be found (are you missing a using directive or an assembly reference?)
    C:\Users\f_ald\source\repos\The-Tech-Idea\Beep.OilandGas\Beep.OilandGas.Accounting\Services\FixedAssetLifecycleService.cs(33,13): error CS0246: The type or namespace name 'IPPDM39DefaultsRepository' could not be found (are you missing a using directive or an assembly reference?)
    C:\Users\f_ald\source\repos\The-Tech-Idea\Beep.OilandGas\Beep.OilandGas.Accounting\Services\GovernmentGrantService.cs(21,26): error CS0246: The type or namespace name 'IPPDM39DefaultsRepository' could not be found (are you missing a using directive or an assembly reference?)
    C:\Users\f_ald\source\repos\The-Tech-Idea\Beep.OilandGas\Beep.OilandGas.Accounting\Services\RelatedPartyDisclosureService.cs(30,13): error CS0246: The type or namespace name 'IPPDM39DefaultsRepository' could not be found (are you missing a using directive or an assembly reference?)
    C:\Users\f_ald\source\repos\The-Tech-Idea\Beep.OilandGas\Beep.OilandGas.Accounting\Services\ErrorCorrectionService.cs(20,26): error CS0246: The type or namespace name 'IPPDM39DefaultsRepository' could not be found (are you missing a using directive or an assembly reference?)
    C:\Users\f_ald\source\repos\The-Tech-Idea\Beep.OilandGas\Beep.OilandGas.Accounting\Services\FinancialInstrumentService.cs(207,28): error CS0246: The type or namespace name 'PPDMGenericRepository' could not be found (are you missing a using directive or an assembly reference?)
    C:\Users\f_ald\source\repos\The-Tech-Idea\Beep.OilandGas\Beep.OilandGas.Accounting\Services\InventoryLcmService.cs(34,13): error CS0246: The type or namespace name 'IPPDM39DefaultsRepository' could not be found (are you missing a using directive or an assembly reference?)
    C:\Users\f_ald\source\repos\The-Tech-Idea\Beep.OilandGas\Beep.OilandGas.Accounting\Services\PurchaseOrderService.cs(336,28): error CS0246: The type or namespace name 'PPDMGenericRepository' could not be found (are you missing a using directive or an assembly reference?)
    C:\Users\f_ald\source\repos\The-Tech-Idea\Beep.OilandGas\Beep.OilandGas.Accounting\Services\BusinessCombinationService.cs(150,28): error CS0246: The type or namespace name 'PPDMGenericRepository' could not be found (are you missing a using directive or an assembly reference?)
    C:\Users\f_ald\source\repos\The-Tech-Idea\Beep.OilandGas\Beep.OilandGas.Accounting\Services\GovernmentGrantService.cs(31,13): error CS0246: The type or namespace name 'IPPDM39DefaultsRepository' could not be found (are you missing a using directive or an assembly reference?)
    C:\Users\f_ald\source\repos\The-Tech-Idea\Beep.OilandGas\Beep.OilandGas.Accounting\Services\ErrorCorrectionService.cs(30,13): error CS0246: The type or namespace name 'IPPDM39DefaultsRepository' could not be found (are you missing a using directive or an assembly reference?)
    C:\Users\f_ald\source\repos\The-Tech-Idea\Beep.OilandGas\Beep.OilandGas.Accounting\Services\FinancialInstrumentService.cs(21,26): error CS0246: The type or namespace name 'IPPDM39DefaultsRepository' could not be found (are you missing a using directive or an assembly reference?)
    C:\Users\f_ald\source\repos\The-Tech-Idea\Beep.OilandGas\Beep.OilandGas.Accounting\Services\PurchaseOrderService.cs(23,26): error CS0246: The type or namespace name 'IPPDM39DefaultsRepository' could not be found (are you missing a using directive or an assembly reference?)
    C:\Users\f_ald\source\repos\The-Tech-Idea\Beep.OilandGas\Beep.OilandGas.Accounting\Services\BusinessCombinationService.cs(21,26): error CS0246: The type or namespace name 'IPPDM39DefaultsRepository' could not be found (are you missing a using directive or an assembly reference?)
    C:\Users\f_ald\source\repos\The-Tech-Idea\Beep.OilandGas\Beep.OilandGas.Accounting\Services\LeaseAccountingService.cs(616,28): error CS0246: The type or namespace name 'PPDMGenericRepository' could not be found (are you missing a using directive or an assembly reference?)
    C:\Users\f_ald\source\repos\The-Tech-Idea\Beep.OilandGas\Beep.OilandGas.Accounting\Services\RetirementBenefitPlanService.cs(158,28): error CS0246: The type or namespace name 'PPDMGenericRepository' could not be found (are you missing a using directive or an assembly reference?)
    C:\Users\f_ald\source\repos\The-Tech-Idea\Beep.OilandGas\Beep.OilandGas.Accounting\Services\GaapAccountMappingService.cs(23,13): error CS0246: The type or namespace name 'IPPDM39DefaultsRepository' could not be found (are you missing a using directive or an assembly reference?)
    C:\Users\f_ald\source\repos\The-Tech-Idea\Beep.OilandGas\Beep.OilandGas.Accounting\Services\PurchaseOrderService.cs(31,13): error CS0246: The type or namespace name 'IPPDM39DefaultsRepository' could not be found (are you missing a using directive or an assembly reference?)
    C:\Users\f_ald\source\repos\The-Tech-Idea\Beep.OilandGas\Beep.OilandGas.Accounting\Services\FinancialInstrumentService.cs(31,13): error CS0246: The type or namespace name 'IPPDM39DefaultsRepository' could not be found (are you missing a using directive or an assembly reference?)
    C:\Users\f_ald\source\repos\The-Tech-Idea\Beep.OilandGas\Beep.OilandGas.Accounting\Services\HyperinflationRestatementService.cs(182,28): error CS0246: The type or namespace name 'PPDMGenericRepository' could not be found (are you missing a using directive or an assembly reference?)
    C:\Users\f_ald\source\repos\The-Tech-Idea\Beep.OilandGas\Beep.OilandGas.Accounting\Services\InventoryService.cs(403,28): error CS0246: The type or namespace name 'PPDMGenericRepository' could not be found (are you missing a using directive or an assembly reference?)
    C:\Users\f_ald\source\repos\The-Tech-Idea\Beep.OilandGas\Beep.OilandGas.Accounting\Services\LeaseAccountingService.cs(22,26): error CS0246: The type or namespace name 'IPPDM39DefaultsRepository' could not be found (are you missing a using directive or an assembly reference?)
    C:\Users\f_ald\source\repos\The-Tech-Idea\Beep.OilandGas\Beep.OilandGas.Accounting\Services\EventsAfterReportingService.cs(124,28): error CS0246: The type or namespace name 'PPDMGenericRepository' could not be found (are you missing a using directive or an assembly reference?)
    C:\Users\f_ald\source\repos\The-Tech-Idea\Beep.OilandGas\Beep.OilandGas.Accounting\Services\RetirementBenefitPlanService.cs(21,26): error CS0246: The type or namespace name 'IPPDM39DefaultsRepository' could not be found (are you missing a using directive or an assembly reference?)
    C:\Users\f_ald\source\repos\The-Tech-Idea\Beep.OilandGas\Beep.OilandGas.Accounting\Services\GaapLeaseAccountingService.cs(152,28): error CS0246: The type or namespace name 'PPDMGenericRepository' could not be found (are you missing a using directive or an assembly reference?)
    C:\Users\f_ald\source\repos\The-Tech-Idea\Beep.OilandGas\Beep.OilandGas.Accounting\Services\EventsAfterReportingService.cs(21,26): error CS0246: The type or namespace name 'IPPDM39DefaultsRepository' could not be found (are you missing a using directive or an assembly reference?)
    C:\Users\f_ald\source\repos\The-Tech-Idea\Beep.OilandGas\Beep.OilandGas.Accounting\Services\LeaseAccountingService.cs(32,13): error CS0246: The type or namespace name 'IPPDM39DefaultsRepository' could not be found (are you missing a using directive or an assembly reference?)
    C:\Users\f_ald\source\repos\The-Tech-Idea\Beep.OilandGas\Beep.OilandGas.Accounting\Services\HyperinflationRestatementService.cs(21,26): error CS0246: The type or namespace name 'IPPDM39DefaultsRepository' could not be found (are you missing a using directive or an assembly reference?)
    C:\Users\f_ald\source\repos\The-Tech-Idea\Beep.OilandGas\Beep.OilandGas.Accounting\Services\InventoryService.cs(26,26): error CS0246: The type or namespace name 'IPPDM39DefaultsRepository' could not be found (are you missing a using directive or an assembly reference?)
    C:\Users\f_ald\source\repos\The-Tech-Idea\Beep.OilandGas\Beep.OilandGas.Accounting\Services\RetirementBenefitPlanService.cs(31,13): error CS0246: The type or namespace name 'IPPDM39DefaultsRepository' could not be found (are you missing a using directive or an assembly reference?)
    C:\Users\f_ald\source\repos\The-Tech-Idea\Beep.OilandGas\Beep.OilandGas.Accounting\Services\GaapLeaseAccountingService.cs(21,26): error CS0246: The type or namespace name 'IPPDM39DefaultsRepository' could not be found (are you missing a using directive or an assembly reference?)
    C:\Users\f_ald\source\repos\The-Tech-Idea\Beep.OilandGas\Beep.OilandGas.Accounting\Services\EventsAfterReportingService.cs(30,13): error CS0246: The type or namespace name 'IPPDM39DefaultsRepository' could not be found (are you missing a using directive or an assembly reference?)
    C:\Users\f_ald\source\repos\The-Tech-Idea\Beep.OilandGas\Beep.OilandGas.Accounting\Services\FinancialStatementService.cs(26,26): error CS0246: The type or namespace name 'IPPDM39DefaultsRepository' could not be found (are you missing a using directive or an assembly reference?)
    C:\Users\f_ald\source\repos\The-Tech-Idea\Beep.OilandGas\Beep.OilandGas.Accounting\Services\BusinessCombinationService.cs(31,13): error CS0246: The type or namespace name 'IPPDM39DefaultsRepository' could not be found (are you missing a using directive or an assembly reference?)
    C:\Users\f_ald\source\repos\The-Tech-Idea\Beep.OilandGas\Beep.OilandGas.Accounting\Services\HyperinflationRestatementService.cs(31,13): error CS0246: The type or namespace name 'IPPDM39DefaultsRepository' could not be found (are you missing a using directive or an assembly reference?)
    C:\Users\f_ald\source\repos\The-Tech-Idea\Beep.OilandGas\Beep.OilandGas.Accounting\Services\InventoryService.cs(36,13): error CS0246: The type or namespace name 'IPPDM39DefaultsRepository' could not be found (are you missing a using directive or an assembly reference?)
    C:\Users\f_ald\source\repos\The-Tech-Idea\Beep.OilandGas\Beep.OilandGas.Accounting\Services\GaapLeaseAccountingService.cs(31,13): error CS0246: The type or namespace name 'IPPDM39DefaultsRepository' could not be found (are you missing a using directive or an assembly reference?)
    C:\Users\f_ald\source\repos\The-Tech-Idea\Beep.OilandGas\Beep.OilandGas.Accounting\Services\SeparateFinancialStatementService.cs(94,28): error CS0246: The type or namespace name 'PPDMGenericRepository' could not be found (are you missing a using directive or an assembly reference?)
    C:\Users\f_ald\source\repos\The-Tech-Idea\Beep.OilandGas\Beep.OilandGas.Accounting\Services\ReconciliationService.cs(175,28): error CS0246: The type or namespace name 'PPDMGenericRepository' could not be found (are you missing a using directive or an assembly reference?)
    C:\Users\f_ald\source\repos\The-Tech-Idea\Beep.OilandGas\Beep.OilandGas.Accounting\Services\OperatingSegmentService.cs(86,28): error CS0246: The type or namespace name 'PPDMGenericRepository' could not be found (are you missing a using directive or an assembly reference?)
    C:\Users\f_ald\source\repos\The-Tech-Idea\Beep.OilandGas\Beep.OilandGas.Accounting\Services\FinancialStatementService.cs(36,13): error CS0246: The type or namespace name 'IPPDM39DefaultsRepository' could not be found (are you missing a using directive or an assembly reference?)
    C:\Users\f_ald\source\repos\The-Tech-Idea\Beep.OilandGas\Beep.OilandGas.Accounting\Services\ExpectedCreditLossService.cs(110,28): error CS0246: The type or namespace name 'PPDMGenericRepository' could not be found (are you missing a using directive or an assembly reference?)
    C:\Users\f_ald\source\repos\The-Tech-Idea\Beep.OilandGas\Beep.OilandGas.Accounting\Services\ImpairmentService.cs(105,28): error CS0246: The type or namespace name 'PPDMGenericRepository' could not be found (are you missing a using directive or an assembly reference?)
    C:\Users\f_ald\source\repos\The-Tech-Idea\Beep.OilandGas\Beep.OilandGas.Accounting\Services\InvestmentDisclosureService.cs(86,28): error CS0246: The type or namespace name 'PPDMGenericRepository' could not be found (are you missing a using directive or an assembly reference?)
    C:\Users\f_ald\source\repos\The-Tech-Idea\Beep.OilandGas\Beep.OilandGas.Accounting\Services\OperatingSegmentService.cs(20,26): error CS0246: The type or namespace name 'IPPDM39DefaultsRepository' could not be found (are you missing a using directive or an assembly reference?)
    C:\Users\f_ald\source\repos\The-Tech-Idea\Beep.OilandGas\Beep.OilandGas.Accounting\Services\SeparateFinancialStatementService.cs(19,26): error CS0246: The type or namespace name 'IPPDM39DefaultsRepository' could not be found (are you missing a using directive or an assembly reference?)
    C:\Users\f_ald\source\repos\The-Tech-Idea\Beep.OilandGas\Beep.OilandGas.Accounting\Services\ReconciliationService.cs(23,26): error CS0246: The type or namespace name 'IPPDM39DefaultsRepository' could not be found (are you missing a using directive or an assembly reference?)
    C:\Users\f_ald\source\repos\The-Tech-Idea\Beep.OilandGas\Beep.OilandGas.Accounting\Services\GaapRevenueRecognitionService.cs(173,28): error CS0246: The type or namespace name 'PPDMGenericRepository' could not be found (are you missing a using directive or an assembly reference?)
    C:\Users\f_ald\source\repos\The-Tech-Idea\Beep.OilandGas\Beep.OilandGas.Accounting\Services\CashFlowService.cs(23,26): error CS0246: The type or namespace name 'IPPDM39DefaultsRepository' could not be found (are you missing a using directive or an assembly reference?)
    C:\Users\f_ald\source\repos\The-Tech-Idea\Beep.OilandGas\Beep.OilandGas.Accounting\Services\ExpectedCreditLossService.cs(21,26): error CS0246: The type or namespace name 'IPPDM39DefaultsRepository' could not be found (are you missing a using directive or an assembly reference?)
    C:\Users\f_ald\source\repos\The-Tech-Idea\Beep.OilandGas\Beep.OilandGas.Accounting\Services\InvestmentDisclosureService.cs(20,26): error CS0246: The type or namespace name 'IPPDM39DefaultsRepository' could not be found (are you missing a using directive or an assembly reference?)
    C:\Users\f_ald\source\repos\The-Tech-Idea\Beep.OilandGas\Beep.OilandGas.Accounting\Services\ImpairmentService.cs(20,26): error CS0246: The type or namespace name 'IPPDM39DefaultsRepository' could not be found (are you missing a using directive or an assembly reference?)
    C:\Users\f_ald\source\repos\The-Tech-Idea\Beep.OilandGas\Beep.OilandGas.Accounting\Services\OperatingSegmentService.cs(28,13): error CS0246: The type or namespace name 'IPPDM39DefaultsRepository' could not be found (are you missing a using directive or an assembly reference?)
    C:\Users\f_ald\source\repos\The-Tech-Idea\Beep.OilandGas\Beep.OilandGas.Accounting\Services\GaapRevenueRecognitionService.cs(21,26): error CS0246: The type or namespace name 'IPPDM39DefaultsRepository' could not be found (are you missing a using directive or an assembly reference?)
    C:\Users\f_ald\source\repos\The-Tech-Idea\Beep.OilandGas\Beep.OilandGas.Accounting\Services\SeparateFinancialStatementService.cs(28,13): error CS0246: The type or namespace name 'IPPDM39DefaultsRepository' could not be found (are you missing a using directive or an assembly reference?)
    C:\Users\f_ald\source\repos\The-Tech-Idea\Beep.OilandGas\Beep.OilandGas.Accounting\Services\ReconciliationService.cs(33,13): error CS0246: The type or namespace name 'IPPDM39DefaultsRepository' could not be found (are you missing a using directive or an assembly reference?)
    C:\Users\f_ald\source\repos\The-Tech-Idea\Beep.OilandGas\Beep.OilandGas.Accounting\Services\CashFlowService.cs(33,13): error CS0246: The type or namespace name 'IPPDM39DefaultsRepository' could not be found (are you missing a using directive or an assembly reference?)
    C:\Users\f_ald\source\repos\The-Tech-Idea\Beep.OilandGas\Beep.OilandGas.Accounting\Services\ExpectedCreditLossService.cs(31,13): error CS0246: The type or namespace name 'IPPDM39DefaultsRepository' could not be found (are you missing a using directive or an assembly reference?)
    C:\Users\f_ald\source\repos\The-Tech-Idea\Beep.OilandGas\Beep.OilandGas.Accounting\Services\PerformanceObligationService.cs(336,28): error CS0246: The type or namespace name 'PPDMGenericRepository' could not be found (are you missing a using directive or an assembly reference?)
    C:\Users\f_ald\source\repos\The-Tech-Idea\Beep.OilandGas\Beep.OilandGas.Accounting\Services\InvestmentDisclosureService.cs(28,13): error CS0246: The type or namespace name 'IPPDM39DefaultsRepository' could not be found (are you missing a using directive or an assembly reference?)
    C:\Users\f_ald\source\repos\The-Tech-Idea\Beep.OilandGas\Beep.OilandGas.Accounting\Services\ImpairmentService.cs(30,13): error CS0246: The type or namespace name 'IPPDM39DefaultsRepository' could not be found (are you missing a using directive or an assembly reference?)
    C:\Users\f_ald\source\repos\The-Tech-Idea\Beep.OilandGas\Beep.OilandGas.Accounting\Services\GaapRevenueRecognitionService.cs(31,13): error CS0246: The type or namespace name 'IPPDM39DefaultsRepository' could not be found (are you missing a using directive or an assembly reference?)
    C:\Users\f_ald\source\repos\The-Tech-Idea\Beep.OilandGas\Beep.OilandGas.Accounting\Services\PerformanceObligationService.cs(22,26): error CS0246: The type or namespace name 'IPPDM39DefaultsRepository' could not be found (are you missing a using directive or an assembly reference?)
    C:\Users\f_ald\source\repos\The-Tech-Idea\Beep.OilandGas\Beep.OilandGas.Accounting\Services\ShareBasedPaymentService.cs(97,28): error CS0246: The type or namespace name 'PPDMGenericRepository' could not be found (are you missing a using directive or an assembly reference?)
    C:\Users\f_ald\source\repos\The-Tech-Idea\Beep.OilandGas\Beep.OilandGas.Accounting\Services\CeclService.cs(112,28): error CS0246: The type or namespace name 'PPDMGenericRepository' could not be found (are you missing a using directive or an assembly reference?)
    C:\Users\f_ald\source\repos\The-Tech-Idea\Beep.OilandGas\Beep.OilandGas.Accounting\Services\ExplorationEvaluationService.cs(158,28): error CS0246: The type or namespace name 'PPDMGenericRepository' could not be found (are you missing a using directive or an assembly reference?)
    C:\Users\f_ald\source\repos\The-Tech-Idea\Beep.OilandGas\Beep.OilandGas.Accounting\Services\RegulatoryDeferralService.cs(168,28): error CS0246: The type or namespace name 'PPDMGenericRepository' could not be found (are you missing a using directive or an assembly reference?)
    C:\Users\f_ald\source\repos\The-Tech-Idea\Beep.OilandGas\Beep.OilandGas.Accounting\Services\InvestmentPropertyService.cs(167,28): error CS0246: The type or namespace name 'PPDMGenericRepository' could not be found (are you missing a using directive or an assembly reference?)
    C:\Users\f_ald\source\repos\The-Tech-Idea\Beep.OilandGas\Beep.OilandGas.Accounting\Services\ShareBasedPaymentService.cs(21,26): error CS0246: The type or namespace name 'IPPDM39DefaultsRepository' could not be found (are you missing a using directive or an assembly reference?)
    C:\Users\f_ald\source\repos\The-Tech-Idea\Beep.OilandGas\Beep.OilandGas.Accounting\Services\TrialBalanceService.cs(24,26): error CS0246: The type or namespace name 'IPPDM39DefaultsRepository' could not be found (are you missing a using directive or an assembly reference?)
    C:\Users\f_ald\source\repos\The-Tech-Idea\Beep.OilandGas\Beep.OilandGas.Accounting\Services\PerformanceObligationService.cs(32,13): error CS0246: The type or namespace name 'IPPDM39DefaultsRepository' could not be found (are you missing a using directive or an assembly reference?)
    C:\Users\f_ald\source\repos\The-Tech-Idea\Beep.OilandGas\Beep.OilandGas.Accounting\Services\CeclService.cs(21,26): error CS0246: The type or namespace name 'IPPDM39DefaultsRepository' could not be found (are you missing a using directive or an assembly reference?)
    C:\Users\f_ald\source\repos\The-Tech-Idea\Beep.OilandGas\Beep.OilandGas.Accounting\Services\InsuranceContractsService.cs(377,28): error CS0246: The type or namespace name 'PPDMGenericRepository' could not be found (are you missing a using directive or an assembly reference?)
    C:\Users\f_ald\source\repos\The-Tech-Idea\Beep.OilandGas\Beep.OilandGas.Accounting\Services\RegulatoryDeferralService.cs(21,26): error CS0246: The type or namespace name 'IPPDM39DefaultsRepository' could not be found (are you missing a using directive or an assembly reference?)
    C:\Users\f_ald\source\repos\The-Tech-Idea\Beep.OilandGas\Beep.OilandGas.Accounting\Services\GeneralLedgerReportService.cs(154,28): error CS0246: The type or namespace name 'PPDMGenericRepository' could not be found (are you missing a using directive or an assembly reference?)
    C:\Users\f_ald\source\repos\The-Tech-Idea\Beep.OilandGas\Beep.OilandGas.Accounting\Services\InvestmentPropertyService.cs(21,26): error CS0246: The type or namespace name 'IPPDM39DefaultsRepository' could not be found (are you missing a using directive or an assembly reference?)
    C:\Users\f_ald\source\repos\The-Tech-Idea\Beep.OilandGas\Beep.OilandGas.Accounting\Services\ExplorationEvaluationService.cs(21,26): error CS0246: The type or namespace name 'IPPDM39DefaultsRepository' could not be found (are you missing a using directive or an assembly reference?)
    C:\Users\f_ald\source\repos\The-Tech-Idea\Beep.OilandGas\Beep.OilandGas.Accounting\Services\ShareBasedPaymentService.cs(31,13): error CS0246: The type or namespace name 'IPPDM39DefaultsRepository' could not be found (are you missing a using directive or an assembly reference?)
    C:\Users\f_ald\source\repos\The-Tech-Idea\Beep.OilandGas\Beep.OilandGas.Accounting\Services\TrialBalanceService.cs(36,13): error CS0246: The type or namespace name 'IPPDM39DefaultsRepository' could not be found (are you missing a using directive or an assembly reference?)
    C:\Users\f_ald\source\repos\The-Tech-Idea\Beep.OilandGas\Beep.OilandGas.Accounting\Services\CeclService.cs(31,13): error CS0246: The type or namespace name 'IPPDM39DefaultsRepository' could not be found (are you missing a using directive or an assembly reference?)
    C:\Users\f_ald\source\repos\The-Tech-Idea\Beep.OilandGas\Beep.OilandGas.Accounting\Services\InvestmentPropertyService.cs(31,13): error CS0246: The type or namespace name 'IPPDM39DefaultsRepository' could not be found (are you missing a using directive or an assembly reference?)
    C:\Users\f_ald\source\repos\The-Tech-Idea\Beep.OilandGas\Beep.OilandGas.Accounting\Services\RegulatoryDeferralService.cs(31,13): error CS0246: The type or namespace name 'IPPDM39DefaultsRepository' could not be found (are you missing a using directive or an assembly reference?)
    C:\Users\f_ald\source\repos\The-Tech-Idea\Beep.OilandGas\Beep.OilandGas.Accounting\Services\ExplorationEvaluationService.cs(31,13): error CS0246: The type or namespace name 'IPPDM39DefaultsRepository' could not be found (are you missing a using directive or an assembly reference?)
    C:\Users\f_ald\source\repos\The-Tech-Idea\Beep.OilandGas\Beep.OilandGas.Accounting\Services\PeriodClosingService.cs(346,28): error CS0246: The type or namespace name 'PPDMGenericRepository' could not be found (are you missing a using directive or an assembly reference?)
    C:\Users\f_ald\source\repos\The-Tech-Idea\Beep.OilandGas\Beep.OilandGas.Accounting\Services\SubsidiaryDisclosureService.cs(88,28): error CS0246: The type or namespace name 'PPDMGenericRepository' could not be found (are you missing a using directive or an assembly reference?)
    C:\Users\f_ald\source\repos\The-Tech-Idea\Beep.OilandGas\Beep.OilandGas.Accounting\Services\SubsidiaryDisclosureService.cs(20,26): error CS0246: The type or namespace name 'IPPDM39DefaultsRepository' could not be found (are you missing a using directive or an assembly reference?)
    C:\Users\f_ald\source\repos\The-Tech-Idea\Beep.OilandGas\Beep.OilandGas.Accounting\Services\PeriodClosingService.cs(29,26): error CS0246: The type or namespace name 'IPPDM39DefaultsRepository' could not be found (are you missing a using directive or an assembly reference?)
    C:\Users\f_ald\source\repos\The-Tech-Idea\Beep.OilandGas\Beep.OilandGas.Accounting\Services\FairValueMeasurementService.cs(114,28): error CS0246: The type or namespace name 'PPDMGenericRepository' could not be found (are you missing a using directive or an assembly reference?)
    C:\Users\f_ald\source\repos\The-Tech-Idea\Beep.OilandGas\Beep.OilandGas.Accounting\Services\AccountingPolicyService.cs(21,26): error CS0246: The type or namespace name 'IPPDM39DefaultsRepository' could not be found (are you missing a using directive or an assembly reference?)
    C:\Users\f_ald\source\repos\The-Tech-Idea\Beep.OilandGas\Beep.OilandGas.Accounting\Services\GeneralLedgerReportService.cs(25,26): error CS0246: The type or namespace name 'IPPDM39DefaultsRepository' could not be found (are you missing a using directive or an assembly reference?)
    C:\Users\f_ald\source\repos\The-Tech-Idea\Beep.OilandGas\Beep.OilandGas.Accounting\Services\SubsidiaryDisclosureService.cs(28,13): error CS0246: The type or namespace name 'IPPDM39DefaultsRepository' could not be found (are you missing a using directive or an assembly reference?)
    C:\Users\f_ald\source\repos\The-Tech-Idea\Beep.OilandGas\Beep.OilandGas.Accounting\Services\FairValueMeasurementService.cs(21,26): error CS0246: The type or namespace name 'IPPDM39DefaultsRepository' could not be found (are you missing a using directive or an assembly reference?)
    C:\Users\f_ald\source\repos\The-Tech-Idea\Beep.OilandGas\Beep.OilandGas.Accounting\Services\AccountingPolicyService.cs(29,13): error CS0246: The type or namespace name 'IPPDM39DefaultsRepository' could not be found (are you missing a using directive or an assembly reference?)
    C:\Users\f_ald\source\repos\The-Tech-Idea\Beep.OilandGas\Beep.OilandGas.Accounting\Services\GeneralLedgerReportService.cs(34,13): error CS0246: The type or namespace name 'IPPDM39DefaultsRepository' could not be found (are you missing a using directive or an assembly reference?)
    C:\Users\f_ald\source\repos\The-Tech-Idea\Beep.OilandGas\Beep.OilandGas.Accounting\Services\APInvoiceService.cs(414,28): error CS0246: The type or namespace name 'PPDMGenericRepository' could not be found (are you missing a using directive or an assembly reference?)
    C:\Users\f_ald\source\repos\The-Tech-Idea\Beep.OilandGas\Beep.OilandGas.Accounting\Services\PeriodClosingService.cs(43,13): error CS0246: The type or namespace name 'IPPDM39DefaultsRepository' could not be found (are you missing a using directive or an assembly reference?)
    C:\Users\f_ald\source\repos\The-Tech-Idea\Beep.OilandGas\Beep.OilandGas.Accounting\Services\CostAllocationService.cs(476,28): error CS0246: The type or namespace name 'PPDMGenericRepository' could not be found (are you missing a using directive or an assembly reference?)
    C:\Users\f_ald\source\repos\The-Tech-Idea\Beep.OilandGas\Beep.OilandGas.Accounting\Services\InvoiceService.cs(410,28): error CS0246: The type or namespace name 'PPDMGenericRepository' could not be found (are you missing a using directive or an assembly reference?)
    C:\Users\f_ald\source\repos\The-Tech-Idea\Beep.OilandGas\Beep.OilandGas.Accounting\Services\FairValueMeasurementService.cs(31,13): error CS0246: The type or namespace name 'IPPDM39DefaultsRepository' could not be found (are you missing a using directive or an assembly reference?)
    C:\Users\f_ald\source\repos\The-Tech-Idea\Beep.OilandGas\Beep.OilandGas.Accounting\Services\AnomalyDetectionService.cs(17,26): error CS0246: The type or namespace name 'IPPDM39DefaultsRepository' could not be found (are you missing a using directive or an assembly reference?)
    C:\Users\f_ald\source\repos\The-Tech-Idea\Beep.OilandGas\Beep.OilandGas.Accounting\Services\ConsolidationService.cs(21,26): error CS0246: The type or namespace name 'IPPDM39DefaultsRepository' could not be found (are you missing a using directive or an assembly reference?)
    C:\Users\f_ald\source\repos\The-Tech-Idea\Beep.OilandGas\Beep.OilandGas.Accounting\Services\PresentationEnhancementService.cs(112,28): error CS0246: The type or namespace name 'PPDMGenericRepository' could not be found (are you missing a using directive or an assembly reference?)
    C:\Users\f_ald\source\repos\The-Tech-Idea\Beep.OilandGas\Beep.OilandGas.Accounting\Services\APInvoiceService.cs(26,26): error CS0246: The type or namespace name 'IPPDM39DefaultsRepository' could not be found (are you missing a using directive or an assembly reference?)
    C:\Users\f_ald\source\repos\The-Tech-Idea\Beep.OilandGas\Beep.OilandGas.Accounting\Services\AnomalyDetectionService.cs(21,101): error CS0246: The type or namespace name 'IPPDM39DefaultsRepository' could not be found (are you missing a using directive or an assembly reference?)
    C:\Users\f_ald\source\repos\The-Tech-Idea\Beep.OilandGas\Beep.OilandGas.Accounting\Services\ConsolidationService.cs(31,13): error CS0246: The type or namespace name 'IPPDM39DefaultsRepository' could not be found (are you missing a using directive or an assembly reference?)
    C:\Users\f_ald\source\repos\The-Tech-Idea\Beep.OilandGas\Beep.OilandGas.Accounting\Services\TaxCalculationService.cs(25,26): error CS0246: The type or namespace name 'IPPDM39DefaultsRepository' could not be found (are you missing a using directive or an assembly reference?)
    C:\Users\f_ald\source\repos\The-Tech-Idea\Beep.OilandGas\Beep.OilandGas.Accounting\Services\PresentationEnhancementService.cs(20,26): error CS0246: The type or namespace name 'IPPDM39DefaultsRepository' could not be found (are you missing a using directive or an assembly reference?)
    C:\Users\f_ald\source\repos\The-Tech-Idea\Beep.OilandGas\Beep.OilandGas.Accounting\Services\APInvoiceService.cs(36,13): error CS0246: The type or namespace name 'IPPDM39DefaultsRepository' could not be found (are you missing a using directive or an assembly reference?)
    C:\Users\f_ald\source\repos\The-Tech-Idea\Beep.OilandGas\Beep.OilandGas.Accounting\Services\InvoiceService.cs(28,26): error CS0246: The type or namespace name 'IPPDM39DefaultsRepository' could not be found (are you missing a using directive or an assembly reference?)
    C:\Users\f_ald\source\repos\The-Tech-Idea\Beep.OilandGas\Beep.OilandGas.Accounting\Services\TaxCalculationService.cs(34,13): error CS0246: The type or namespace name 'IPPDM39DefaultsRepository' could not be found (are you missing a using directive or an assembly reference?)
    C:\Users\f_ald\source\repos\The-Tech-Idea\Beep.OilandGas\Beep.OilandGas.Accounting\Services\InsuranceContractsService.cs(21,26): error CS0246: The type or namespace name 'IPPDM39DefaultsRepository' could not be found (are you missing a using directive or an assembly reference?)
    C:\Users\f_ald\source\repos\The-Tech-Idea\Beep.OilandGas\Beep.OilandGas.Accounting\Services\PresentationEnhancementService.cs(29,13): error CS0246: The type or namespace name 'IPPDM39DefaultsRepository' could not be found (are you missing a using directive or an assembly reference?)
    C:\Users\f_ald\source\repos\The-Tech-Idea\Beep.OilandGas\Beep.OilandGas.Accounting\Services\InvoiceService.cs(38,13): error CS0246: The type or namespace name 'IPPDM39DefaultsRepository' could not be found (are you missing a using directive or an assembly reference?)
    C:\Users\f_ald\source\repos\The-Tech-Idea\Beep.OilandGas\Beep.OilandGas.Accounting\Services\AccountMappingService.cs(160,28): error CS0246: The type or namespace name 'PPDMGenericRepository' could not be found (are you missing a using directive or an assembly reference?)
    C:\Users\f_ald\source\repos\The-Tech-Idea\Beep.OilandGas\Beep.OilandGas.Accounting\Services\InsuranceContractsService.cs(31,13): error CS0246: The type or namespace name 'IPPDM39DefaultsRepository' could not be found (are you missing a using directive or an assembly reference?)
    C:\Users\f_ald\source\repos\The-Tech-Idea\Beep.OilandGas\Beep.OilandGas.Accounting\Services\APPaymentService.cs(246,28): error CS0246: The type or namespace name 'PPDMGenericRepository' could not be found (are you missing a using directive or an assembly reference?)
    C:\Users\f_ald\source\repos\The-Tech-Idea\Beep.OilandGas\Beep.OilandGas.Accounting\Services\AccountMappingService.cs(27,26): error CS0246: The type or namespace name 'IPPDM39DefaultsRepository' could not be found (are you missing a using directive or an assembly reference?)
    C:\Users\f_ald\source\repos\The-Tech-Idea\Beep.OilandGas\Beep.OilandGas.Accounting\Services\JointArrangementsService.cs(107,28): error CS0246: The type or namespace name 'PPDMGenericRepository' could not be found (are you missing a using directive or an assembly reference?)
    C:\Users\f_ald\source\repos\The-Tech-Idea\Beep.OilandGas\Beep.OilandGas.Accounting\Services\AccountMappingService.cs(40,13): error CS0246: The type or namespace name 'IPPDM39DefaultsRepository' could not be found (are you missing a using directive or an assembly reference?)
    C:\Users\f_ald\source\repos\The-Tech-Idea\Beep.OilandGas\Beep.OilandGas.Accounting\Services\APPaymentService.cs(24,26): error CS0246: The type or namespace name 'IPPDM39DefaultsRepository' could not be found (are you missing a using directive or an assembly reference?)
    C:\Users\f_ald\source\repos\The-Tech-Idea\Beep.OilandGas\Beep.OilandGas.Accounting\Services\TaxProvisionService.cs(381,28): error CS0246: The type or namespace name 'PPDMGenericRepository' could not be found (are you missing a using directive or an assembly reference?)
    C:\Users\f_ald\source\repos\The-Tech-Idea\Beep.OilandGas\Beep.OilandGas.Accounting\Services\IntangibleAssetService.cs(142,28): error CS0246: The type or namespace name 'PPDMGenericRepository' could not be found (are you missing a using directive or an assembly reference?)
    C:\Users\f_ald\source\repos\The-Tech-Idea\Beep.OilandGas\Beep.OilandGas.Accounting\Services\TaxProvisionService.cs(22,26): error CS0246: The type or namespace name 'IPPDM39DefaultsRepository' could not be found (are you missing a using directive or an assembly reference?)
    C:\Users\f_ald\source\repos\The-Tech-Idea\Beep.OilandGas\Beep.OilandGas.Accounting\Services\TaxProvisionService.cs(32,13): error CS0246: The type or namespace name 'IPPDM39DefaultsRepository' could not be found (are you missing a using directive or an assembly reference?)
    C:\Users\f_ald\source\repos\The-Tech-Idea\Beep.OilandGas\Beep.OilandGas.Accounting\Services\IntangibleAssetService.cs(20,26): error CS0246: The type or namespace name 'IPPDM39DefaultsRepository' could not be found (are you missing a using directive or an assembly reference?)
    C:\Users\f_ald\source\repos\The-Tech-Idea\Beep.OilandGas\Beep.OilandGas.Accounting\Services\APPaymentService.cs(34,13): error CS0246: The type or namespace name 'IPPDM39DefaultsRepository' could not be found (are you missing a using directive or an assembly reference?)
    C:\Users\f_ald\source\repos\The-Tech-Idea\Beep.OilandGas\Beep.OilandGas.Accounting\Services\AgricultureService.cs(167,28): error CS0246: The type or namespace name 'PPDMGenericRepository' could not be found (are you missing a using directive or an assembly reference?)
    C:\Users\f_ald\source\repos\The-Tech-Idea\Beep.OilandGas\Beep.OilandGas.Accounting\Services\AgricultureService.cs(21,26): error CS0246: The type or namespace name 'IPPDM39DefaultsRepository' could not be found (are you missing a using directive or an assembly reference?)
    C:\Users\f_ald\source\repos\The-Tech-Idea\Beep.OilandGas\Beep.OilandGas.Accounting\Services\IntangibleAssetService.cs(30,13): error CS0246: The type or namespace name 'IPPDM39DefaultsRepository' could not be found (are you missing a using directive or an assembly reference?)
    C:\Users\f_ald\source\repos\The-Tech-Idea\Beep.OilandGas\Beep.OilandGas.Accounting\Services\CostAllocationService.cs(26,26): error CS0246: The type or namespace name 'IPPDM39DefaultsRepository' could not be found (are you missing a using directive or an assembly reference?)
    C:\Users\f_ald\source\repos\The-Tech-Idea\Beep.OilandGas\Beep.OilandGas.Accounting\Services\AgricultureService.cs(31,13): error CS0246: The type or namespace name 'IPPDM39DefaultsRepository' could not be found (are you missing a using directive or an assembly reference?)
    C:\Users\f_ald\source\repos\The-Tech-Idea\Beep.OilandGas\Beep.OilandGas.Accounting\Services\CostAllocationService.cs(35,13): error CS0246: The type or namespace name 'IPPDM39DefaultsRepository' could not be found (are you missing a using directive or an assembly reference?)
    C:\Users\f_ald\source\repos\The-Tech-Idea\Beep.OilandGas\Beep.OilandGas.Accounting\Services\JointArrangementsService.cs(21,26): error CS0246: The type or namespace name 'IPPDM39DefaultsRepository' could not be found (are you missing a using directive or an assembly reference?)
    C:\Users\f_ald\source\repos\The-Tech-Idea\Beep.OilandGas\Beep.OilandGas.Accounting\Services\JointArrangementsService.cs(31,13): error CS0246: The type or namespace name 'IPPDM39DefaultsRepository' could not be found (are you missing a using directive or an assembly reference?)
    C:\Users\f_ald\source\repos\The-Tech-Idea\Beep.OilandGas\Beep.OilandGas.Accounting\Services\ARService.cs(488,28): error CS0246: The type or namespace name 'PPDMGenericRepository' could not be found (are you missing a using directive or an assembly reference?)
    C:\Users\f_ald\source\repos\The-Tech-Idea\Beep.OilandGas\Beep.OilandGas.Accounting\Services\CostCenterService.cs(115,28): error CS0246: The type or namespace name 'PPDMGenericRepository' could not be found (are you missing a using directive or an assembly reference?)
    C:\Users\f_ald\source\repos\The-Tech-Idea\Beep.OilandGas\Beep.OilandGas.Accounting\Services\ARService.cs(26,26): error CS0246: The type or namespace name 'IPPDM39DefaultsRepository' could not be found (are you missing a using directive or an assembly reference?)
    C:\Users\f_ald\source\repos\The-Tech-Idea\Beep.OilandGas\Beep.OilandGas.Accounting\Services\CostCenterService.cs(24,26): error CS0246: The type or namespace name 'IPPDM39DefaultsRepository' could not be found (are you missing a using directive or an assembly reference?)
    C:\Users\f_ald\source\repos\The-Tech-Idea\Beep.OilandGas\Beep.OilandGas.Accounting\Services\ARService.cs(36,13): error CS0246: The type or namespace name 'IPPDM39DefaultsRepository' could not be found (are you missing a using directive or an assembly reference?)
    C:\Users\f_ald\source\repos\The-Tech-Idea\Beep.OilandGas\Beep.OilandGas.Accounting\Services\CostCenterService.cs(32,13): error CS0246: The type or namespace name 'IPPDM39DefaultsRepository' could not be found (are you missing a using directive or an assembly reference?)
    C:\Users\f_ald\source\repos\The-Tech-Idea\Beep.OilandGas\Beep.OilandGas.Accounting\Services\AssetsHeldForSaleService.cs(147,28): error CS0246: The type or namespace name 'PPDMGenericRepository' could not be found (are you missing a using directive or an assembly reference?)
    C:\Users\f_ald\source\repos\The-Tech-Idea\Beep.OilandGas\Beep.OilandGas.Accounting\Services\AssetsHeldForSaleService.cs(21,26): error CS0246: The type or namespace name 'IPPDM39DefaultsRepository' could not be found (are you missing a using directive or an assembly reference?)
    C:\Users\f_ald\source\repos\The-Tech-Idea\Beep.OilandGas\Beep.OilandGas.Accounting\Services\AssetsHeldForSaleService.cs(31,13): error CS0246: The type or namespace name 'IPPDM39DefaultsRepository' could not be found (are you missing a using directive or an assembly reference?)
    C:\Users\f_ald\source\repos\The-Tech-Idea\Beep.OilandGas\Beep.OilandGas.Accounting\Services\CurrencyTranslationService.cs(186,28): error CS0246: The type or namespace name 'PPDMGenericRepository' could not be found (are you missing a using directive or an assembly reference?)
    C:\Users\f_ald\source\repos\The-Tech-Idea\Beep.OilandGas\Beep.OilandGas.Accounting\Services\CurrencyTranslationService.cs(22,26): error CS0246: The type or namespace name 'IPPDM39DefaultsRepository' could not be found (are you missing a using directive or an assembly reference?)
    C:\Users\f_ald\source\repos\The-Tech-Idea\Beep.OilandGas\Beep.OilandGas.Accounting\Services\CurrencyTranslationService.cs(32,13): error CS0246: The type or namespace name 'IPPDM39DefaultsRepository' could not be found (are you missing a using directive or an assembly reference?)
    C:\Users\f_ald\source\repos\The-Tech-Idea\Beep.OilandGas\Beep.OilandGas.Accounting\Services\DashboardService.cs(25,26): error CS0246: The type or namespace name 'IPPDM39DefaultsRepository' could not be found (are you missing a using directive or an assembly reference?)
    C:\Users\f_ald\source\repos\The-Tech-Idea\Beep.OilandGas\Beep.OilandGas.Accounting\Services\DashboardService.cs(35,13): error CS0246: The type or namespace name 'IPPDM39DefaultsRepository' could not be found (are you missing a using directive or an assembly reference?)
    C:\Users\f_ald\source\repos\The-Tech-Idea\Beep.OilandGas\Beep.OilandGas.Accounting\Services\DepreciationService.cs(25,26): error CS0246: The type or namespace name 'IPPDM39DefaultsRepository' could not be found (are you missing a using directive or an assembly reference?)
    C:\Users\f_ald\source\repos\The-Tech-Idea\Beep.OilandGas\Beep.OilandGas.Accounting\Services\DepreciationService.cs(34,13): error CS0246: The type or namespace name 'IPPDM39DefaultsRepository' could not be found (are you missing a using directive or an assembly reference?)
    C:\Users\f_ald\source\repos\The-Tech-Idea\Beep.OilandGas\Beep.OilandGas.Accounting\Services\EarningsPerShareService.cs(95,28): error CS0246: The type or namespace name 'PPDMGenericRepository' could not be found (are you missing a using directive or an assembly reference?)
    C:\Users\f_ald\source\repos\The-Tech-Idea\Beep.OilandGas\Beep.OilandGas.Accounting\Services\EarningsPerShareService.cs(21,26): error CS0246: The type or namespace name 'IPPDM39DefaultsRepository' could not be found (are you missing a using directive or an assembly reference?)
    C:\Users\f_ald\source\repos\The-Tech-Idea\Beep.OilandGas\Beep.OilandGas.Accounting\Services\EarningsPerShareService.cs(29,13): error CS0246: The type or namespace name 'IPPDM39DefaultsRepository' could not be found (are you missing a using directive or an assembly reference?)
  Beep.OilandGas.Client net10.0 failed with 1 warning(s) (0.4s)
    C:\Users\f_ald\source\repos\The-Tech-Idea\Beep.OilandGas\Beep.OilandGas.Client\Beep.OilandGas.Client.csproj : warning NU1903: Package 'SQLitePCLRaw.lib.e_sqlite3' 2.1.11 has a known high severity vulnerability, https://github.com/advisories/GHSA-2m69-gcr7-jv3q
  Beep.OilandGas.EnhancedRecovery net10.0 failed with 1 error(s) (0.2s)
    C:\Users\f_ald\source\repos\The-Tech-Idea\Beep.OilandGas\Beep.OilandGas.EnhancedRecovery\Modules\EnhancedRecoveryModule.cs(17,46): error CS0246: The type or namespace name 'ModuleSetupBase' could not be found (are you missing a using directive or an assembly reference?)
  Beep.OilandGas.HydraulicPumps net10.0 failed with 2 error(s) (0.2s)
    C:\Users\f_ald\source\repos\The-Tech-Idea\Beep.OilandGas\Beep.OilandGas.HydraulicPumps\Services\HydraulicPumpService.cs(37,26): error CS0246: The type or namespace name 'IPPDM39DefaultsRepository' could not be found (are you missing a using directive or an assembly reference?)
    C:\Users\f_ald\source\repos\The-Tech-Idea\Beep.OilandGas\Beep.OilandGas.HydraulicPumps\Services\HydraulicPumpService.cs(46,13): error CS0246: The type or namespace name 'IPPDM39DefaultsRepository' could not be found (are you missing a using directive or an assembly reference?)
  Beep.OilandGas.LifeCycle net10.0 failed with 1 warning(s) (0.2s)
    C:\Users\f_ald\source\repos\The-Tech-Idea\Beep.OilandGas\Beep.OilandGas.LifeCycle\Beep.OilandGas.LifeCycle.csproj : warning NU1903: Package 'SQLitePCLRaw.lib.e_sqlite3' 2.1.11 has a known high severity vulnerability, https://github.com/advisories/GHSA-2m69-gcr7-jv3q
  Beep.OilandGas.Web net10.0 failed with 1 warning(s) (0.1s)
    C:\Users\f_ald\source\repos\The-Tech-Idea\Beep.OilandGas\Beep.OilandGas.Web\Beep.OilandGas.Web.csproj : warning NU1903: Package 'SQLitePCLRaw.lib.e_sqlite3' 2.1.11 has a known high severity vulnerability, https://github.com/advisories/GHSA-2m69-gcr7-jv3q

The build failed. Fix the build errors and run again.
